2026-07-05 15:30:36  閿欒: warning: in the working copy of 'auto_commit.ps1', LF will be replaced by CRLF the next time Git touches it
2026-07-05 15:31:53  commit ok: auto: 15:31 auto save
2026-07-05 15:32:00  commit ok: auto: 15:32 auto save
2026-07-05 15:32:14  push failed: fatal: unable to access 'https://github.com/TYY-tyy-tyy/21yglh.git/': Failed to connect to github.com port 443 after 21026 ms: Could not connect to server
2026-07-05 15:32:22  push failed: fatal: unable to access 'https://github.com/TYY-tyy-tyy/21yglh.git/': Failed to connect to github.com port 443 after 21073 ms: Could not connect to server
2026-07-05 16:01:52  commit ok: auto: 16:01 auto save
2026-07-05 16:02:12  push failed: fatal: unable to access 'https://github.com/TYY-tyy-tyy/21yglh.git/': Recv failure: Connection was reset
2026-07-05 16:49:11  commit ok: auto: 16:49 auto save
2026-07-05 16:49:13  push ok
2026-07-05 17:01:34  commit ok: auto: 17:01 auto save
2026-07-05 17:01:36  push ok
2026-07-05 17:31:34  commit ok: auto: 17:31 auto save
2026-07-05 17:31:37  push ok
2026-07-05 18:01:54  commit ok: auto: 18:01 auto save
2026-07-05 18:02:15  push failed: fatal: unable to access 'https://github.com/TYY-tyy-tyy/21yglh.git/': Failed to connect to github.com port 443 after 21096 ms: Could not connect to server
2026-07-05 18:31:34  commit ok: auto: 18:31 auto save
2026-07-05 18:31:37  push ok
2026-07-05 19:20:46  commit ok: auto: 19:20 auto save
2026-07-05 19:21:08  push failed: fatal: unable to access 'https://github.com/TYY-tyy-tyy/21yglh.git/': Failed to connect to github.com port 443 after 21093 ms: Could not connect to server
2026-07-05 19:31:34  commit ok: auto: 19:31 auto save
2026-07-05 19:31:37  push ok
2026-07-05 20:01:52  commit ok: auto: 20:01 auto save
2026-07-05 20:02:13  push failed: fatal: unable to access 'https://github.com/TYY-tyy-tyy/21yglh.git/': Failed to connect to github.com port 443 after 21074 ms: Could not connect to server
2026-07-05 20:31:33  commit ok: auto: 20:31 auto save
2026-07-05 20:31:37  push ok
2026-07-05 21:01:53  commit ok: auto: 21:01 auto save
2026-07-05 21:02:14  push failed: fatal: unable to access 'https://github.com/TYY-tyy-tyy/21yglh.git/': Failed to connect to github.com port 443 after 21066 ms: Could not connect to server
2026-07-05 21:31:33  commit ok: auto: 21:31 auto save
2026-07-05 21:31:36  push ok
2026-07-06 16:01:34  commit ok: auto: 16:01 auto save
2026-07-06 16:01:38  push ok
2026-07-06 16:31:33  commit ok: auto: 16:31 auto save
2026-07-06 16:31:37  push ok
2026-07-06 17:01:33  commit ok: auto: 17:01 auto save
2026-07-06 17:01:37  push ok
2026-07-06 17:31:33  commit ok: auto: 17:31 auto save
2026-07-06 17:31:37  push ok
2026-07-06 18:01:33  commit ok: auto: 18:01 auto save
2026-07-06 18:01:37  push ok
2026-07-06 20:01:35  commit ok: auto: 20:01 auto save
2026-07-06 20:01:38  push ok
2026-07-06 20:32:14  commit ok: auto: 20:32 auto save
2026-07-06 20:32:36  push failed: fatal: unable to access 'https://github.com/TYY-tyy-tyy/21yglh.git/': Failed to connect to github.com port 443 after 21062 ms: Could not connect to server
2026-07-06 21:01:34  commit ok: auto: 21:01 auto save
2026-07-06 21:01:38  push ok
2026-07-06 21:31:55  commit ok: auto: 21:31 auto save
2026-07-06 21:32:36  push failed: fatal: unable to access 'https://github.com/TYY-tyy-tyy/21yglh.git/': Failed to connect to github.com port 443 after 21069 ms: Could not connect to server
2026-07-07 00:43:29  commit ok: auto: 00:43 auto save
2026-07-07 00:43:32  push ok
2026-07-07 17:40:12  commit ok: auto: 17:40 auto save
2026-07-07 17:40:15  push ok
2026-07-07 20:32:49  commit ok: auto: 20:32 auto save
2026-07-07 20:32:52  push ok
2026-07-08 14:46:10  commit ok: auto: 14:46 auto save
2026-07-08 14:46:12  push ok
2026-07-08 15:01:35  commit ok: auto: 15:01 auto save
2026-07-08 15:01:38  push ok
2026-07-08 15:32:15  commit ok: auto: 15:32 auto save
2026-07-08 15:32:36  push failed: fatal: unable to access 'https://github.com/TYY-tyy-tyy/21yglh.git/': Failed to connect to github.com port 443 after 21081 ms: Could not connect to server
2026-07-08 16:02:15  commit ok: auto: 16:02 auto save
2026-07-08 16:02:36  push failed: fatal: unable to access 'https://github.com/TYY-tyy-tyy/21yglh.git/': Failed to connect to github.com port 443 after 21097 ms: Could not connect to server
2026-07-08 16:31:35  commit ok: auto: 16:31 auto save
2026-07-08 16:31:38  push ok
2026-07-08 17:31:53  commit ok: auto: 17:31 auto save
2026-07-08 17:32:35  push failed: fatal: unable to access 'https://github.com/TYY-tyy-tyy/21yglh.git/': Failed to connect to github.com port 443 after 21079 ms: Could not connect to server
2026-07-08 18:02:15  commit ok: auto: 18:02 auto save
2026-07-08 18:02:56  push failed: fatal: unable to access 'https://github.com/TYY-tyy-tyy/21yglh.git/': Failed to connect to github.com port 443 after 21078 ms: Could not connect to server
2026-07-08 18:32:15  commit ok: auto: 18:32 auto save
2026-07-08 18:32:56  push failed: fatal: unable to access 'https://github.com/TYY-tyy-tyy/21yglh.git/': Failed to connect to github.com port 443 after 21067 ms: Could not connect to server
2026-07-08 19:01:35  commit ok: auto: 19:01 auto save
2026-07-08 19:01:38  push ok
2026-07-08 19:31:35  commit ok: auto: 19:31 auto save
2026-07-08 19:31:38  push ok
2026-07-08 20:01:34  commit ok: auto: 20:01 auto save
2026-07-08 20:01:36  push ok
2026-07-08 20:31:52  commit ok: auto: 20:31 auto save
2026-07-08 20:32:34  push failed: fatal: unable to access 'https://github.com/TYY-tyy-tyy/21yglh.git/': Failed to connect to github.com port 443 after 21078 ms: Could not connect to server
2026-07-08 21:03:36  commit ok: auto: 21:03 auto save
2026-07-08 21:03:39  push ok
2026-07-08 21:31:37  commit ok: auto: 21:31 auto save
2026-07-08 21:31:41  push ok
2026-07-08 22:02:05  commit ok: auto: 22:02 auto save
2026-07-08 22:02:26  push failed: fatal: unable to access 'https://github.com/TYY-tyy-tyy/21yglh.git/': Failed to connect to github.com port 443 after 21077 ms: Could not connect to server
2026-07-09 12:26:47  commit ok: auto: 12:26 auto save
2026-07-09 12:26:50  push ok
2026-07-09 13:01:55  commit ok: auto: 13:01 auto save
2026-07-09 13:02:16  push failed: fatal: unable to access 'https://github.com/TYY-tyy-tyy/21yglh.git/': Failed to connect to github.com port 443 after 21106 ms: Could not connect to server
2026-07-09 13:31:34  commit ok: auto: 13:31 auto save
2026-07-09 13:31:37  push ok
2026-07-09 14:01:34  commit ok: auto: 14:01 auto save
2026-07-09 14:01:38  push ok
2026-07-09 14:32:03  commit ok: auto: 14:32 auto save
2026-07-09 14:32:25  push failed: fatal: unable to access 'https://github.com/TYY-tyy-tyy/21yglh.git/': Failed to connect to github.com port 443 after 21307 ms: Could not connect to server
2026-07-09 15:02:15  commit ok: auto: 15:02 auto save
2026-07-09 15:02:36  push failed: fatal: unable to access 'https://github.com/TYY-tyy-tyy/21yglh.git/': Failed to connect to github.com port 443 after 21070 ms: Could not connect to server
2026-07-09 16:20:06  commit ok: auto: 16:20 auto save
2026-07-09 16:21:34  push failed: fatal: unable to access 'https://github.com/TYY-tyy-tyy/21yglh.git/': Recv failure: Connection was reset
2026-07-09 16:31:54  commit ok: auto: 16:31 auto save
2026-07-09 16:32:16  push failed: fatal: unable to access 'https://github.com/TYY-tyy-tyy/21yglh.git/': Failed to connect to github.com port 443 after 21102 ms: Could not connect to server
2026-07-09 17:45:04  commit ok: auto: 17:45 auto save
2026-07-09 17:45:25  push failed: fatal: unable to access 'https://github.com/TYY-tyy-tyy/21yglh.git/': Failed to connect to github.com port 443 after 21100 ms: Could not connect to server
2026-07-09 18:01:34  commit ok: auto: 18:01 auto save
2026-07-09 18:01:37  push ok
2026-07-09 21:10:31  commit ok: auto: 21:10 auto save
2026-07-09 21:10:52  push failed: fatal: unable to access 'https://github.com/TYY-tyy-tyy/21yglh.git/': Failed to connect to github.com port 443 after 21066 ms: Could not connect to server
2026-07-09 21:31:38  commit ok: auto: 21:31 auto save
2026-07-09 21:31:42  push ok
2026-07-09 22:01:34  commit ok: auto: 22:01 auto save
2026-07-09 22:01:37  push ok
2026-07-09 23:01:34  commit ok: auto: 23:01 auto save
2026-07-09 23:01:37  push ok
2026-07-09 23:32:14  commit ok: auto: 23:32 auto save
2026-07-09 23:32:55  push failed: fatal: unable to access 'https://github.com/TYY-tyy-tyy/21yglh.git/': Failed to connect to github.com port 443 after 21098 ms: Could not connect to server
2026-07-10 00:31:35  commit ok: auto: 00:31 auto save
2026-07-10 00:31:38  push ok
2026-07-10 01:01:34  commit ok: auto: 01:01 auto save
2026-07-10 01:01:37  push ok
2026-07-10 01:31:34  commit ok: auto: 01:31 auto save
2026-07-10 01:31:37  push ok
2026-07-10 02:02:14  commit ok: auto: 02:02 auto save
2026-07-10 02:02:35  push failed: fatal: unable to access 'https://github.com/TYY-tyy-tyy/21yglh.git/': Failed to connect to github.com port 443 after 21120 ms: Could not connect to server
2026-07-10 02:31:34  commit ok: auto: 02:31 auto save
2026-07-10 02:31:37  push ok
2026-07-10 03:01:54  commit ok: auto: 03:01 auto save
2026-07-10 03:01:57  push ok
2026-07-10 03:31:34  commit ok: auto: 03:31 auto save
2026-07-10 03:31:37  push ok
2026-07-10 05:01:53  commit ok: auto: 05:01 auto save
2026-07-10 05:02:14  push failed: fatal: unable to access 'https://github.com/TYY-tyy-tyy/21yglh.git/': Failed to connect to github.com port 443 after 21100 ms: Could not connect to server
2026-07-10 05:32:14  commit ok: auto: 05:32 auto save
2026-07-10 05:32:35  push failed: fatal: unable to access 'https://github.com/TYY-tyy-tyy/21yglh.git/': Failed to connect to github.com port 443 after 21073 ms: Could not connect to server
2026-07-10 06:01:54  commit ok: auto: 06:01 auto save
2026-07-10 06:02:15  push failed: fatal: unable to access 'https://github.com/TYY-tyy-tyy/21yglh.git/': Failed to connect to github.com port 443 after 21088 ms: Could not connect to server
2026-07-10 06:31:33  commit ok: auto: 06:31 auto save
2026-07-10 06:31:37  push ok
2026-07-10 07:11:25  commit ok: auto: 07:11 auto save
2026-07-10 07:11:28  push ok
2026-07-10 07:31:34  commit ok: auto: 07:31 auto save
2026-07-10 07:31:37  push ok
2026-07-10 08:01:54  no changes, skip
2026-07-10 08:02:15  push failed: fatal: unable to access 'https://github.com/TYY-tyy-tyy/21yglh.git/': Failed to connect to github.com port 443 after 21076 ms: Could not connect to server
2026-07-10 08:31:53  commit ok: auto: 08:31 auto save
2026-07-10 08:32:14  push failed: fatal: unable to access 'https://github.com/TYY-tyy-tyy/21yglh.git/': Failed to connect to github.com port 443 after 21109 ms: Could not connect to server
2026-07-10 09:01:34  commit ok: auto: 09:01 auto save
2026-07-10 09:01:38  push ok
2026-07-10 09:31:34  commit ok: auto: 09:31 auto save
2026-07-10 09:32:35  push failed: error: RPC failed; curl 28 Failed to connect to github.com port 443 after 21093 ms: Could not connect to server send-pack: unexpected disconnect while reading sideband packet fatal: the remote end hung up unexpectedly Everything up-to-date
2026-07-10 10:02:57  commit ok: auto: 10:02 auto save
2026-07-10 10:03:18  push failed: fatal: unable to access 'https://github.com/TYY-tyy-tyy/21yglh.git/': Failed to connect to github.com port 443 after 21110 ms: Could not connect to server
2026-07-10 10:31:34  commit ok: auto: 10:31 auto save
2026-07-10 10:31:37  push ok
2026-07-10 13:36:40  commit ok: auto: 13:36 auto save
2026-07-10 16:58:05  push failed: fatal: unable to access 'https://github.com/TYY-tyy-tyy/21yglh.git/': Failed to connect to github.com port 443 after 21059 ms: Could not connect to server
2026-07-10 17:01:35  commit ok: auto: 17:01 auto save
2026-07-10 17:01:38  push ok
2026-07-10 17:31:34  commit ok: auto: 17:31 auto save
2026-07-10 18:45:09  commit ok: auto: 18:45 auto save
2026-07-10 18:45:30  push failed: fatal: unable to access 'https://github.com/TYY-tyy-tyy/21yglh.git/': Failed to connect to github.com port 443 after 21076 ms: Could not connect to server
2026-07-10 19:01:56  commit ok: auto: 19:01 auto save
2026-07-10 19:02:17  push failed: fatal: unable to access 'https://github.com/TYY-tyy-tyy/21yglh.git/': Failed to connect to github.com port 443 after 21100 ms: Could not connect to server
2026-07-10 19:49:43  commit ok: auto: 19:49 auto save
2026-07-10 19:49:48  push ok
2026-07-10 20:01:54  commit ok: auto: 20:01 auto save
2026-07-10 20:02:29  push failed: fatal: unable to access 'https://github.com/TYY-tyy-tyy/21yglh.git/': Recv failure: Connection was reset
2026-07-10 20:31:34  commit ok: auto: 20:31 auto save
2026-07-10 20:31:38  push ok
2026-07-10 21:01:34  commit ok: auto: 21:01 auto save
2026-07-10 21:01:37  push ok
2026-07-10 21:31:34  commit ok: auto: 21:31 auto save
2026-07-10 21:31:37  push ok
2026-07-10 22:01:54  commit ok: auto: 22:01 auto save
2026-07-10 22:02:15  push failed: fatal: unable to access 'https://github.com/TYY-tyy-tyy/21yglh.git/': Failed to connect to github.com port 443 after 21113 ms: Could not connect to server
2026-07-11 10:11:46  commit ok: auto: 10:11 auto save
2026-07-11 10:11:51  push ok
2026-07-11 10:17:24  commit ok: auto: 10:17 auto save
2026-07-11 10:17:28  push ok
2026-07-11 10:31:35  commit ok: auto: 10:31 auto save
2026-07-11 10:31:38  push ok
2026-07-11 11:04:39  commit ok: auto: 11:04 auto save
2026-07-11 11:05:00  push failed: fatal: unable to access 'https://github.com/TYY-tyy-tyy/21yglh.git/': Failed to connect to github.com port 443 after 21093 ms: Could not connect to server
2026-07-11 11:31:55  commit ok: auto: 11:31 auto save
2026-07-11 11:32:16  push failed: fatal: unable to access 'https://github.com/TYY-tyy-tyy/21yglh.git/': Failed to connect to github.com port 443 after 21087 ms: Could not connect to server
2026-07-11 12:01:34  commit ok: auto: 12:01 auto save
2026-07-11 12:01:38  push ok
2026-07-11 12:31:35  commit ok: auto: 12:31 auto save
2026-07-11 12:31:38  push ok
2026-07-11 13:01:35  commit ok: auto: 13:01 auto save
2026-07-11 13:01:42  push ok
2026-07-11 13:37:50  commit ok: auto: 13:37 auto save
2026-07-11 13:37:54  push ok
2026-07-11 15:53:56  no changes, skip
2026-07-11 15:53:57  push failed: fatal: unable to access 'https://github.com/TYY-tyy-tyy/21yglh.git/': Could not resolve host: github.com
2026-07-11 16:04:15  commit ok: auto: 16:04 auto save
2026-07-11 16:04:18  push ok
2026-07-11 16:31:35  commit ok: auto: 16:31 auto save
2026-07-11 16:31:38  push ok
2026-07-11 17:31:34  commit ok: auto: 17:31 auto save
2026-07-11 17:31:37  push ok
2026-07-11 18:07:20  commit ok: auto: 18:07 auto save
2026-07-11 18:08:02  push failed: fatal: unable to access 'https://github.com/TYY-tyy-tyy/21yglh.git/': Failed to connect to github.com port 443 after 21090 ms: Could not connect to server
2026-07-11 18:31:54  commit ok: auto: 18:31 auto save
2026-07-11 18:32:35  push failed: fatal: unable to access 'https://github.com/TYY-tyy-tyy/21yglh.git/': Failed to connect to github.com port 443 after 21060 ms: Could not connect to server
2026-07-11 19:31:34  commit ok: auto: 19:31 auto save
2026-07-11 20:07:04  commit ok: auto: 20:07 auto save
2026-07-11 20:07:08  push ok
2026-07-11 20:59:42  commit ok: auto: 20:59 auto save
2026-07-11 21:00:02  push failed: fatal: unable to access 'https://github.com/TYY-tyy-tyy/21yglh.git/': Recv failure: Connection was reset
2026-07-11 21:01:54  commit ok: auto: 21:01 auto save
2026-07-11 21:02:15  push failed: fatal: unable to access 'https://github.com/TYY-tyy-tyy/21yglh.git/': Failed to connect to github.com port 443 after 21068 ms: Could not connect to server
2026-07-11 21:31:34  commit ok: auto: 21:31 auto save
2026-07-11 21:31:37  push ok
2026-07-11 22:01:33  commit ok: auto: 22:01 auto save
2026-07-11 22:01:36  push ok
2026-07-11 22:31:34  commit ok: auto: 22:31 auto save
2026-07-11 22:31:37  push ok
2026-07-11 23:01:34  commit ok: auto: 23:01 auto save
2026-07-11 23:01:55  push failed: fatal: unable to access 'https://github.com/TYY-tyy-tyy/21yglh.git/': Failed to connect to github.com port 443 after 21049 ms: Could not connect to server
2026-07-11 23:31:52  commit ok: auto: 23:31 auto save
2026-07-11 23:32:14  push failed: fatal: unable to access 'https://github.com/TYY-tyy-tyy/21yglh.git/': Failed to connect to github.com port 443 after 21063 ms: Could not connect to server
2026-07-12 00:01:34  commit ok: auto: 00:01 auto save
2026-07-12 00:01:36  push ok
2026-07-12 00:31:34  commit ok: auto: 00:31 auto save
2026-07-12 00:31:37  push ok
2026-07-12 01:01:34  commit ok: auto: 01:01 auto save
2026-07-12 01:01:37  push ok
2026-07-12 01:31:34  commit ok: auto: 01:31 auto save
2026-07-12 01:31:37  push ok
2026-07-12 02:06:36  commit ok: auto: 02:06 auto save
2026-07-12 02:06:39  push ok
2026-07-12 02:31:52  commit ok: auto: 02:31 auto save
2026-07-12 02:31:57  push failed: fatal: unable to access 'https://github.com/TYY-tyy-tyy/21yglh.git/': Empty reply from server
2026-07-12 03:01:52  commit ok: auto: 03:01 auto save
2026-07-12 03:02:13  push failed: fatal: unable to access 'https://github.com/TYY-tyy-tyy/21yglh.git/': Failed to connect to github.com port 443 after 21052 ms: Could not connect to server
2026-07-12 03:33:06  commit ok: auto: 03:33 auto save
2026-07-12 03:33:09  push ok
2026-07-12 04:01:34  commit ok: auto: 04:01 auto save
2026-07-12 04:01:37  push ok
2026-07-12 04:31:34  commit ok: auto: 04:31 auto save
2026-07-12 04:31:37  push ok
2026-07-12 05:01:34  commit ok: auto: 05:01 auto save
2026-07-12 05:01:36  push ok
2026-07-12 05:31:54  commit ok: auto: 05:31 auto save
2026-07-12 05:32:15  push failed: fatal: unable to access 'https://github.com/TYY-tyy-tyy/21yglh.git/': Failed to connect to github.com port 443 after 21077 ms: Could not connect to server
2026-07-12 06:13:18  commit ok: auto: 06:13 auto save
2026-07-12 06:13:21  push ok
2026-07-12 06:59:50  commit ok: auto: 06:59 auto save
2026-07-12 06:59:53  push ok
2026-07-12 07:01:34  commit ok: auto: 07:01 auto save
2026-07-12 07:01:36  push ok
2026-07-12 07:42:49  commit ok: auto: 07:42 auto save
2026-07-12 07:42:52  push ok
2026-07-12 08:22:40  commit ok: auto: 08:22 auto save
2026-07-12 08:22:43  push ok
2026-07-12 08:31:54  commit ok: auto: 08:31 auto save
2026-07-12 08:32:15  push failed: fatal: unable to access 'https://github.com/TYY-tyy-tyy/21yglh.git/': Failed to connect to github.com port 443 after 21064 ms: Could not connect to server
2026-07-12 09:02:21  commit ok: auto: 09:02 auto save
2026-07-12 09:02:24  push ok
2026-07-12 09:33:58  commit ok: auto: 09:33 auto save
2026-07-12 09:33:58  push failed: fatal: unable to access 'https://github.com/TYY-tyy-tyy/21yglh.git/': Could not resolve host: github.com
2026-07-12 10:01:34  commit ok: auto: 10:01 auto save
2026-07-12 10:01:37  push ok
2026-07-12 10:31:54  commit ok: auto: 10:31 auto save
2026-07-12 10:32:35  push failed: fatal: unable to access 'https://github.com/TYY-tyy-tyy/21yglh.git/': Failed to connect to github.com port 443 after 21037 ms: Could not connect to server
2026-07-12 11:01:34  commit ok: auto: 11:01 auto save
2026-07-12 11:01:37  push ok
2026-07-12 12:01:34  commit ok: auto: 12:01 auto save
2026-07-12 12:01:37  push ok
2026-07-12 12:31:39  commit ok: auto: 12:31 auto save
2026-07-12 12:31:43  push ok
2026-07-12 13:01:56  commit ok: auto: 13:01 auto save
2026-07-12 13:02:19  push failed: fatal: unable to access 'https://github.com/TYY-tyy-tyy/21yglh.git/': Recv failure: Connection was reset
2026-07-12 13:43:23  commit ok: auto: 13:43 auto save
2026-07-12 13:43:44  push failed: fatal: unable to access 'https://github.com/TYY-tyy-tyy/21yglh.git/': Failed to connect to github.com port 443 after 21102 ms: Could not connect to server
2026-07-12 14:01:52  commit ok: auto: 14:01 auto save
2026-07-12 14:02:33  push failed: fatal: unable to access 'https://github.com/TYY-tyy-tyy/21yglh.git/': Failed to connect to github.com port 443 after 21086 ms: Could not connect to server
2026-07-12 14:31:52  commit ok: auto: 14:31 auto save
2026-07-12 14:32:33  push failed: fatal: unable to access 'https://github.com/TYY-tyy-tyy/21yglh.git/': Failed to connect to github.com port 443 after 21046 ms: Could not connect to server
2026-07-12 15:01:54  commit ok: auto: 15:01 auto save
2026-07-12 15:02:15  push failed: fatal: unable to access 'https://github.com/TYY-tyy-tyy/21yglh.git/': Failed to connect to github.com port 443 after 21101 ms: Could not connect to server
2026-07-12 15:31:33  commit ok: auto: 15:31 auto save
2026-07-12 15:31:38  push ok
2026-07-12 16:01:54  commit ok: auto: 16:01 auto save
2026-07-12 16:02:15  push failed: fatal: unable to access 'https://github.com/TYY-tyy-tyy/21yglh.git/': Failed to connect to github.com port 443 after 21075 ms: Could not connect to server
2026-07-12 16:31:34  commit ok: auto: 16:31 auto save
2026-07-12 16:31:37  push ok
2026-07-12 17:01:33  commit ok: auto: 17:01 auto save
2026-07-12 17:01:36  push ok
2026-07-12 17:31:33  commit ok: auto: 17:31 auto save
2026-07-12 17:31:36  push ok
2026-07-12 18:01:33  commit ok: auto: 18:01 auto save
2026-07-12 18:01:36  push ok
2026-07-12 18:31:52  commit ok: auto: 18:31 auto save
2026-07-12 18:32:33  push failed: fatal: unable to access 'https://github.com/TYY-tyy-tyy/21yglh.git/': Failed to connect to github.com port 443 after 21123 ms: Could not connect to server
2026-07-12 19:01:33  commit ok: auto: 19:01 auto save
2026-07-12 19:01:36  push ok
2026-07-12 19:37:27  commit ok: auto: 19:37 auto save
2026-07-12 19:37:30  push ok
2026-07-12 20:01:34  commit ok: auto: 20:01 auto save
2026-07-12 20:01:37  push ok
2026-07-12 20:31:55  commit ok: auto: 20:31 auto save
2026-07-12 20:32:16  push failed: fatal: unable to access 'https://github.com/TYY-tyy-tyy/21yglh.git/': Failed to connect to github.com port 443 after 21120 ms: Could not connect to server
2026-07-12 21:01:34  commit ok: auto: 21:01 auto save
2026-07-12 21:01:37  push ok
2026-07-12 21:32:16  commit ok: auto: 21:32 auto save
2026-07-12 21:32:57  push failed: fatal: unable to access 'https://github.com/TYY-tyy-tyy/21yglh.git/': Failed to connect to github.com port 443 after 21052 ms: Could not connect to server
2026-07-12 22:01:55  commit ok: auto: 22:01 auto save
2026-07-12 22:02:14  push failed: fatal: unable to access 'https://github.com/TYY-tyy-tyy/21yglh.git/': Recv failure: Connection was reset
2026-07-12 22:31:35  commit ok: auto: 22:31 auto save
2026-07-12 22:31:38  push ok
2026-07-12 23:01:34  commit ok: auto: 23:01 auto save
2026-07-12 23:01:37  push ok
2026-07-12 23:43:02  commit ok: auto: 23:43 auto save
2026-07-12 23:43:04  push ok
2026-07-13 00:01:34  commit ok: auto: 00:01 auto save
2026-07-13 00:01:37  push ok
2026-07-13 00:32:14  commit ok: auto: 00:32 auto save
2026-07-13 00:32:35  push failed: fatal: unable to access 'https://github.com/TYY-tyy-tyy/21yglh.git/': Failed to connect to github.com port 443 after 21056 ms: Could not connect to server
2026-07-13 01:02:14  commit ok: auto: 01:02 auto save
2026-07-13 01:02:35  push failed: fatal: unable to access 'https://github.com/TYY-tyy-tyy/21yglh.git/': Failed to connect to github.com port 443 after 21083 ms: Could not connect to server
2026-07-13 01:32:37  commit ok: auto: 01:32 auto save
2026-07-13 01:32:58  push failed: fatal: unable to access 'https://github.com/TYY-tyy-tyy/21yglh.git/': Failed to connect to github.com port 443 after 21075 ms: Could not connect to server
2026-07-13 02:01:34  commit ok: auto: 02:01 auto save
2026-07-13 02:01:37  push ok
2026-07-13 02:31:34  commit ok: auto: 02:31 auto save
2026-07-13 02:31:36  push ok
2026-07-13 03:01:34  commit ok: auto: 03:01 auto save
2026-07-13 03:01:37  push ok
2026-07-13 03:31:34  commit ok: auto: 03:31 auto save
2026-07-13 03:31:37  push ok
2026-07-13 04:01:34  commit ok: auto: 04:01 auto save
2026-07-13 04:01:37  push ok
2026-07-13 05:16:11  commit ok: auto: 05:16 auto save
2026-07-13 05:16:14  push ok
2026-07-13 05:32:14  commit ok: auto: 05:32 auto save
2026-07-13 05:32:35  push failed: fatal: unable to access 'https://github.com/TYY-tyy-tyy/21yglh.git/': Failed to connect to github.com port 443 after 21061 ms: Could not connect to server
2026-07-13 06:02:15  commit ok: auto: 06:02 auto save
2026-07-13 06:02:36  push failed: fatal: unable to access 'https://github.com/TYY-tyy-tyy/21yglh.git/': Failed to connect to github.com port 443 after 21076 ms: Could not connect to server
2026-07-13 06:31:34  commit ok: auto: 06:31 auto save
2026-07-13 06:31:37  push ok
2026-07-13 07:31:35  commit ok: auto: 07:31 auto save
2026-07-13 07:32:16  push failed: fatal: unable to access 'https://github.com/TYY-tyy-tyy/21yglh.git/': Failed to connect to github.com port 443 after 21045 ms: Could not connect to server
2026-07-13 08:01:35  commit ok: auto: 08:01 auto save
2026-07-13 08:01:38  push ok
2026-07-13 08:31:35  commit ok: auto: 08:31 auto save
2026-07-13 08:31:38  push ok
2026-07-13 09:01:55  commit ok: auto: 09:01 auto save
2026-07-13 09:02:17  push failed: fatal: unable to access 'https://github.com/TYY-tyy-tyy/21yglh.git/': Failed to connect to github.com port 443 after 21068 ms: Could not connect to server
2026-07-13 09:32:54  commit ok: auto: 09:32 auto save
2026-07-13 09:32:54  push failed: fatal: unable to access 'https://github.com/TYY-tyy-tyy/21yglh.git/': Could not resolve host: github.com
2026-07-13 10:01:34  commit ok: auto: 10:01 auto save
2026-07-13 10:01:37  push ok
2026-07-13 10:31:34  commit ok: auto: 10:31 auto save
2026-07-13 10:31:37  push ok
2026-07-13 11:01:34  commit ok: auto: 11:01 auto save
2026-07-13 11:01:37  push ok
2026-07-13 11:32:14  commit ok: auto: 11:32 auto save
2026-07-13 11:32:35  push failed: fatal: unable to access 'https://github.com/TYY-tyy-tyy/21yglh.git/': Failed to connect to github.com port 443 after 21053 ms: Could not connect to server
2026-07-13 12:01:34  commit ok: auto: 12:01 auto save
2026-07-13 12:01:37  push ok
2026-07-13 12:40:10  commit ok: auto: 12:40 auto save
2026-07-13 12:40:13  push ok
2026-07-13 13:01:55  commit ok: auto: 13:01 auto save
2026-07-13 13:02:16  push failed: fatal: unable to access 'https://github.com/TYY-tyy-tyy/21yglh.git/': Failed to connect to github.com port 443 after 21086 ms: Could not connect to server
2026-07-13 13:31:34  commit ok: auto: 13:31 auto save
2026-07-13 13:31:39  push ok
2026-07-13 14:01:35  commit ok: auto: 14:01 auto save
2026-07-13 14:01:56  push failed: fatal: unable to access 'https://github.com/TYY-tyy-tyy/21yglh.git/': Failed to connect to github.com port 443 after 21081 ms: Could not connect to server
2026-07-13 14:31:34  commit ok: auto: 14:31 auto save
2026-07-13 14:31:39  push ok
2026-07-13 15:01:34  commit ok: auto: 15:01 auto save
2026-07-13 15:01:55  push failed: fatal: unable to access 'https://github.com/TYY-tyy-tyy/21yglh.git/': Failed to connect to github.com port 443 after 21059 ms: Could not connect to server
2026-07-13 15:31:34  commit ok: auto: 15:31 auto save
2026-07-13 15:31:37  push ok
2026-07-13 16:31:54  commit ok: auto: 16:31 auto save
2026-07-13 16:32:15  push failed: fatal: unable to access 'https://github.com/TYY-tyy-tyy/21yglh.git/': Failed to connect to github.com port 443 after 21075 ms: Could not connect to server
2026-07-13 17:01:34  commit ok: auto: 17:01 auto save
2026-07-13 17:01:37  push ok
2026-07-13 17:47:29  commit ok: auto: 17:47 auto save
2026-07-13 17:47:33  push ok
2026-07-13 18:06:18  commit ok: auto: 18:06 auto save
2026-07-13 18:06:59  push failed: fatal: unable to access 'https://github.com/TYY-tyy-tyy/21yglh.git/': Failed to connect to github.com port 443 after 21064 ms: Could not connect to server
2026-07-13 19:24:48  commit ok: auto: 19:24 auto save
2026-07-13 19:24:51  push ok
2026-07-13 19:42:47  commit ok: auto: 19:42 auto save
2026-07-13 20:01:53  commit ok: auto: 20:01 auto save
2026-07-13 20:02:14  push failed: fatal: unable to access 'https://github.com/TYY-tyy-tyy/21yglh.git/': Failed to connect to github.com port 443 after 21113 ms: Could not connect to server
2026-07-13 20:32:14  commit ok: auto: 20:32 auto save
2026-07-13 20:32:34  push failed: fatal: unable to access 'https://github.com/TYY-tyy-tyy/21yglh.git/': Recv failure: Connection was reset
2026-07-13 21:01:34  commit ok: auto: 21:01 auto save
2026-07-13 21:01:38  push ok
2026-07-13 21:31:53  commit ok: auto: 21:31 auto save
2026-07-13 21:32:14  push failed: fatal: unable to access 'https://github.com/TYY-tyy-tyy/21yglh.git/': Failed to connect to github.com port 443 after 21052 ms: Could not connect to server
2026-07-13 22:14:05  commit ok: auto: 22:14 auto save
2026-07-13 22:14:08  push ok
2026-07-13 22:31:53  commit ok: auto: 22:31 auto save
2026-07-13 22:32:14  push failed: fatal: unable to access 'https://github.com/TYY-tyy-tyy/21yglh.git/': Failed to connect to github.com port 443 after 21090 ms: Could not connect to server
2026-07-13 23:01:34  commit ok: auto: 23:01 auto save
2026-07-13 23:01:38  push ok
2026-07-13 23:36:50  commit ok: auto: 23:36 auto save
2026-07-13 23:36:54  push ok
2026-07-14 00:41:19  commit ok: auto: 00:41 auto save
2026-07-14 00:41:22  push ok
2026-07-14 01:01:34  commit ok: auto: 01:01 auto save
2026-07-14 01:01:37  push ok
2026-07-14 01:31:55  commit ok: auto: 01:31 auto save
2026-07-14 01:32:37  push failed: fatal: unable to access 'https://github.com/TYY-tyy-tyy/21yglh.git/': Failed to connect to github.com port 443 after 21077 ms: Could not connect to server
2026-07-14 02:34:02  commit ok: auto: 02:34 auto save
2026-07-14 02:34:02  push failed: fatal: unable to access 'https://github.com/TYY-tyy-tyy/21yglh.git/': Could not resolve host: github.com
2026-07-14 03:02:17  commit ok: auto: 03:02 auto save
2026-07-14 03:02:58  push failed: fatal: unable to access 'https://github.com/TYY-tyy-tyy/21yglh.git/': Failed to connect to github.com port 443 after 21084 ms: Could not connect to server
2026-07-14 03:31:33  commit ok: auto: 03:31 auto save
2026-07-14 04:01:38  commit ok: auto: 04:01 auto save
2026-07-14 04:01:59  push failed: fatal: unable to access 'https://github.com/TYY-tyy-tyy/21yglh.git/': Failed to connect to github.com port 443 after 21059 ms: Could not connect to server
2026-07-14 07:31:35  commit ok: auto: 07:31 auto save
2026-07-14 07:31:40  push ok
2026-07-14 08:01:54  commit ok: auto: 08:01 auto save
2026-07-14 08:02:15  push failed: fatal: unable to access 'https://github.com/TYY-tyy-tyy/21yglh.git/': Failed to connect to github.com port 443 after 21100 ms: Could not connect to server
2026-07-14 08:31:34  commit ok: auto: 08:31 auto save
2026-07-14 08:31:38  push ok
2026-07-14 09:49:04  commit ok: auto: 09:49 auto save
2026-07-14 09:49:07  push ok
2026-07-14 10:01:34  commit ok: auto: 10:01 auto save
2026-07-14 10:01:38  push ok
2026-07-14 10:31:54  commit ok: auto: 10:31 auto save
2026-07-14 10:32:15  push failed: fatal: unable to access 'https://github.com/TYY-tyy-tyy/21yglh.git/': Failed to connect to github.com port 443 after 21057 ms: Could not connect to server
2026-07-14 11:53:18  commit ok: auto: 11:53 auto save
2026-07-14 11:53:22  push ok
2026-07-14 12:01:59  commit ok: auto: 12:01 auto save
2026-07-14 12:02:20  push failed: fatal: unable to access 'https://github.com/TYY-tyy-tyy/21yglh.git/': Failed to connect to github.com port 443 after 21051 ms: Could not connect to server
2026-07-14 12:31:55  commit ok: auto: 12:31 auto save
2026-07-14 12:32:30  push failed: fatal: unable to access 'https://github.com/TYY-tyy-tyy/21yglh.git/': Recv failure: Connection was reset
2026-07-14 13:01:55  commit ok: auto: 13:01 auto save
2026-07-14 13:02:16  push failed: fatal: unable to access 'https://github.com/TYY-tyy-tyy/21yglh.git/': Failed to connect to github.com port 443 after 21077 ms: Could not connect to server
2026-07-14 13:31:34  commit ok: auto: 13:31 auto save
2026-07-14 13:31:40  push ok
2026-07-14 14:01:34  commit ok: auto: 14:01 auto save
2026-07-14 14:01:37  push ok
2026-07-14 14:41:14  commit ok: auto: 14:41 auto save
2026-07-14 14:41:17  push ok
2026-07-14 15:01:54  commit ok: auto: 15:01 auto save
2026-07-14 15:02:15  push failed: fatal: unable to access 'https://github.com/TYY-tyy-tyy/21yglh.git/': Failed to connect to github.com port 443 after 21058 ms: Could not connect to server
2026-07-14 15:31:34  commit ok: auto: 15:31 auto save
2026-07-14 15:31:38  push ok
2026-07-14 16:01:54  commit ok: auto: 16:01 auto save
2026-07-14 16:02:15  push failed: fatal: unable to access 'https://github.com/TYY-tyy-tyy/21yglh.git/': Failed to connect to github.com port 443 after 21073 ms: Could not connect to server
2026-07-14 16:31:33  commit ok: auto: 16:31 auto save
2026-07-14 16:31:37  push ok
2026-07-14 17:01:54  commit ok: auto: 17:01 auto save
2026-07-14 17:31:34  commit ok: auto: 17:31 auto save
2026-07-14 17:31:39  push ok
2026-07-14 18:01:33  commit ok: auto: 18:01 auto save
2026-07-14 18:01:37  push ok
2026-07-14 19:06:21  commit ok: auto: 19:06 auto save
2026-07-14 19:06:42  push failed: fatal: unable to access 'https://github.com/TYY-tyy-tyy/21yglh.git/': Failed to connect to github.com port 443 after 21062 ms: Could not connect to server
2026-07-14 19:31:33  commit ok: auto: 19:31 auto save
2026-07-14 20:01:33  commit ok: auto: 20:01 auto save
2026-07-14 20:01:37  push ok
2026-07-14 20:31:34  commit ok: auto: 20:31 auto save
2026-07-14 20:31:38  push ok
2026-07-14 21:03:53  commit ok: auto: 21:03 auto save
2026-07-14 21:03:54  push failed: fatal: unable to access 'https://github.com/TYY-tyy-tyy/21yglh.git/': Could not resolve host: github.com
2026-07-14 21:31:34  commit ok: auto: 21:31 auto save
2026-07-14 21:31:37  push ok
2026-07-14 22:01:52  commit ok: auto: 22:01 auto save
2026-07-14 22:02:13  push failed: fatal: unable to access 'https://github.com/TYY-tyy-tyy/21yglh.git/': Failed to connect to github.com port 443 after 21056 ms: Could not connect to server
2026-07-14 22:31:34  commit ok: auto: 22:31 auto save
2026-07-14 22:31:37  push ok
2026-07-14 23:14:03  commit ok: auto: 23:14 auto save
2026-07-14 23:14:44  push failed: fatal: unable to access 'https://github.com/TYY-tyy-tyy/21yglh.git/': Failed to connect to github.com port 443 after 21058 ms: Could not connect to server
2026-07-14 23:31:34  commit ok: auto: 23:31 auto save
2026-07-14 23:31:37  push ok
2026-07-15 00:01:49  commit ok: auto: 00:01 auto save
2026-07-15 00:01:52  push ok
2026-07-15 00:35:52  commit ok: auto: 00:35 auto save
2026-07-15 00:35:58  push ok
2026-07-15 01:24:25  commit ok: auto: 01:24 auto save
2026-07-15 01:24:47  push failed: fatal: unable to access 'https://github.com/TYY-tyy-tyy/21yglh.git/': Failed to connect to github.com port 443 after 21075 ms: Could not connect to server
2026-07-15 01:31:34  commit ok: auto: 01:31 auto save
2026-07-15 02:01:34  commit ok: auto: 02:01 auto save
2026-07-15 02:01:37  push ok
2026-07-15 02:31:56  commit ok: auto: 02:31 auto save
2026-07-15 03:01:36  commit ok: auto: 03:01 auto save
2026-07-15 03:01:39  push ok
2026-07-15 03:31:53  commit ok: auto: 03:31 auto save
2026-07-15 03:32:14  push failed: fatal: unable to access 'https://github.com/TYY-tyy-tyy/21yglh.git/': Failed to connect to github.com port 443 after 21097 ms: Could not connect to server
2026-07-15 04:02:02  commit ok: auto: 04:02 auto save
2026-07-15 04:31:34  commit ok: auto: 04:31 auto save
2026-07-15 04:31:37  push ok
2026-07-15 05:01:34  commit ok: auto: 05:01 auto save
2026-07-15 05:01:36  push ok
2026-07-15 05:31:34  commit ok: auto: 05:31 auto save
2026-07-15 05:31:55  push failed: fatal: unable to access 'https://github.com/TYY-tyy-tyy/21yglh.git/': Failed to connect to github.com port 443 after 21078 ms: Could not connect to server
2026-07-15 06:03:13  commit ok: auto: 06:03 auto save
2026-07-15 06:03:17  push ok
2026-07-15 07:26:23  commit ok: auto: 07:26 auto save
2026-07-15 07:26:27  push ok
2026-07-15 07:32:13  commit ok: auto: 07:32 auto save
2026-07-15 07:32:35  push failed: fatal: unable to access 'https://github.com/TYY-tyy-tyy/21yglh.git/': Failed to connect to github.com port 443 after 21097 ms: Could not connect to server
2026-07-15 08:01:38  commit ok: auto: 08:01 auto save
2026-07-15 08:01:59  push failed: fatal: unable to access 'https://github.com/TYY-tyy-tyy/21yglh.git/': Failed to connect to github.com port 443 after 21089 ms: Could not connect to server
2026-07-15 09:01:34  commit ok: auto: 09:01 auto save
2026-07-15 09:01:37  push ok
2026-07-15 09:31:54  commit ok: auto: 09:31 auto save
2026-07-15 09:32:15  push failed: fatal: unable to access 'https://github.com/TYY-tyy-tyy/21yglh.git/': Failed to connect to github.com port 443 after 21084 ms: Could not connect to server
2026-07-15 10:07:56  commit ok: auto: 10:07 auto save
2026-07-15 10:08:01  push ok
2026-07-15 10:31:35  commit ok: auto: 10:31 auto save
2026-07-15 10:31:38  push ok
2026-07-15 11:01:54  commit ok: auto: 11:01 auto save
2026-07-15 11:02:16  push failed: fatal: unable to access 'https://github.com/TYY-tyy-tyy/21yglh.git/': Failed to connect to github.com port 443 after 21085 ms: Could not connect to server
2026-07-15 12:28:06  commit ok: auto: 12:28 auto save
2026-07-15 12:28:12  push ok
2026-07-15 12:31:35  commit ok: auto: 12:31 auto save
2026-07-15 13:17:30  commit ok: auto: 13:17 auto save
2026-07-15 13:17:30  push failed: fatal: unable to access 'https://github.com/TYY-tyy-tyy/21yglh.git/': Could not resolve host: github.com
2026-07-15 14:01:34  commit ok: auto: 14:01 auto save
2026-07-15 14:01:37  push ok
2026-07-15 15:31:54  commit ok: auto: 15:31 auto save
2026-07-15 15:32:15  push failed: fatal: unable to access 'https://github.com/TYY-tyy-tyy/21yglh.git/': Failed to connect to github.com port 443 after 21084 ms: Could not connect to server
2026-07-15 16:01:34  commit ok: auto: 16:01 auto save
2026-07-15 16:01:37  push ok
2026-07-15 16:31:52  commit ok: auto: 16:31 auto save
2026-07-15 16:32:14  push failed: fatal: unable to access 'https://github.com/TYY-tyy-tyy/21yglh.git/': Failed to connect to github.com port 443 after 21082 ms: Could not connect to server
2026-07-15 17:02:14  commit ok: auto: 17:02 auto save
2026-07-15 17:02:55  push failed: fatal: unable to access 'https://github.com/TYY-tyy-tyy/21yglh.git/': Failed to connect to github.com port 443 after 21054 ms: Could not connect to server
2026-07-15 17:37:13  commit ok: auto: 17:37 auto save
2026-07-15 17:37:17  push ok
2026-07-15 18:01:33  commit ok: auto: 18:01 auto save
2026-07-15 18:01:36  push ok
2026-07-15 18:31:54  commit ok: auto: 18:31 auto save
2026-07-15 18:32:15  push failed: fatal: unable to access 'https://github.com/TYY-tyy-tyy/21yglh.git/': Failed to connect to github.com port 443 after 21087 ms: Could not connect to server
2026-07-15 19:18:44  commit ok: auto: 19:18 auto save
2026-07-15 19:19:05  push failed: fatal: unable to access 'https://github.com/TYY-tyy-tyy/21yglh.git/': Failed to connect to github.com port 443 after 21109 ms: Could not connect to server
2026-07-15 19:31:54  commit ok: auto: 19:31 auto save
2026-07-15 19:32:15  push failed: fatal: unable to access 'https://github.com/TYY-tyy-tyy/21yglh.git/': Failed to connect to github.com port 443 after 21053 ms: Could not connect to server
2026-07-15 20:34:27  commit ok: auto: 20:34 auto save
2026-07-15 20:34:31  push ok
2026-07-15 21:31:52  commit ok: auto: 21:31 auto save
2026-07-15 21:32:14  push failed: fatal: unable to access 'https://github.com/TYY-tyy-tyy/21yglh.git/': Failed to connect to github.com port 443 after 21019 ms: Could not connect to server
2026-07-15 22:01:34  commit ok: auto: 22:01 auto save
2026-07-15 22:01:37  push ok
2026-07-15 22:31:35  commit ok: auto: 22:31 auto save
2026-07-15 22:31:39  push ok
2026-07-15 23:13:53  commit ok: auto: 23:13 auto save
2026-07-15 23:14:35  push failed: fatal: unable to access 'https://github.com/TYY-tyy-tyy/21yglh.git/': Failed to connect to github.com port 443 after 21075 ms: Could not connect to server
2026-07-15 23:31:35  commit ok: auto: 23:31 auto save
2026-07-15 23:31:39  push ok
2026-07-16 00:02:16  commit ok: auto: 00:02 auto save
2026-07-16 00:02:37  push failed: fatal: unable to access 'https://github.com/TYY-tyy-tyy/21yglh.git/': Failed to connect to github.com port 443 after 21143 ms: Could not connect to server
2026-07-16 00:31:35  commit ok: auto: 00:31 auto save
2026-07-16 00:31:43  push ok
2026-07-16 01:02:17  commit ok: auto: 01:02 auto save
2026-07-16 01:02:59  push failed: fatal: unable to access 'https://github.com/TYY-tyy-tyy/21yglh.git/': Failed to connect to github.com port 443 after 21045 ms: Could not connect to server
2026-07-16 01:31:33  commit ok: auto: 01:31 auto save
2026-07-16 01:31:36  push ok
2026-07-16 02:01:33  commit ok: auto: 02:01 auto save
2026-07-16 02:01:36  push ok
2026-07-16 02:32:14  commit ok: auto: 02:32 auto save
2026-07-16 02:32:35  push failed: fatal: unable to access 'https://github.com/TYY-tyy-tyy/21yglh.git/': Failed to connect to github.com port 443 after 21051 ms: Could not connect to server
2026-07-16 03:01:33  commit ok: auto: 03:01 auto save
2026-07-16 03:01:37  push ok
2026-07-16 03:31:34  commit ok: auto: 03:31 auto save
2026-07-16 03:31:36  push ok
2026-07-16 04:18:34  commit ok: auto: 04:18 auto save
2026-07-16 04:18:38  push ok
2026-07-16 04:35:16  commit ok: auto: 04:35 auto save
2026-07-16 04:35:37  push failed: fatal: unable to access 'https://github.com/TYY-tyy-tyy/21yglh.git/': Failed to connect to github.com port 443 after 21069 ms: Could not connect to server
2026-07-16 07:15:11  commit ok: auto: 07:15 auto save
2026-07-16 07:15:18  push ok
2026-07-16 07:31:54  commit ok: auto: 07:31 auto save
2026-07-16 07:32:13  push failed: fatal: unable to access 'https://github.com/TYY-tyy-tyy/21yglh.git/': Recv failure: Connection was reset
2026-07-16 08:02:15  commit ok: auto: 08:02 auto save
2026-07-16 08:02:36  push failed: fatal: unable to access 'https://github.com/TYY-tyy-tyy/21yglh.git/': Failed to connect to github.com port 443 after 21070 ms: Could not connect to server
2026-07-16 08:31:35  commit ok: auto: 08:31 auto save
2026-07-16 08:31:37  push ok
2026-07-16 09:02:15  commit ok: auto: 09:02 auto save
2026-07-16 09:02:36  push failed: fatal: unable to access 'https://github.com/TYY-tyy-tyy/21yglh.git/': Failed to connect to github.com port 443 after 21074 ms: Could not connect to server
2026-07-16 09:31:54  commit ok: auto: 09:31 auto save
2026-07-16 09:32:15  push failed: fatal: unable to access 'https://github.com/TYY-tyy-tyy/21yglh.git/': Failed to connect to github.com port 443 after 21119 ms: Could not connect to server
2026-07-16 10:01:35  commit ok: auto: 10:01 auto save
2026-07-16 10:01:37  push ok
2026-07-16 10:31:53  commit ok: auto: 10:31 auto save
2026-07-16 10:32:15  push failed: fatal: unable to access 'https://github.com/TYY-tyy-tyy/21yglh.git/': Failed to connect to github.com port 443 after 21081 ms: Could not connect to server
2026-07-16 11:01:35  commit ok: auto: 11:01 auto save
2026-07-16 11:01:38  push ok
2026-07-16 11:31:35  commit ok: auto: 11:31 auto save
2026-07-16 11:31:37  push ok
2026-07-16 12:01:54  commit ok: auto: 12:01 auto save
2026-07-16 12:02:15  push failed: fatal: unable to access 'https://github.com/TYY-tyy-tyy/21yglh.git/': Failed to connect to github.com port 443 after 21087 ms: Could not connect to server
2026-07-16 12:31:54  commit ok: auto: 12:31 auto save
2026-07-16 12:32:15  push failed: fatal: unable to access 'https://github.com/TYY-tyy-tyy/21yglh.git/': Failed to connect to github.com port 443 after 21087 ms: Could not connect to server
2026-07-16 13:01:35  commit ok: auto: 13:01 auto save
2026-07-16 13:01:38  push ok
2026-07-16 13:31:35  commit ok: auto: 13:31 auto save
2026-07-16 13:31:37  push ok
2026-07-16 14:01:35  commit ok: auto: 14:01 auto save
2026-07-16 14:01:38  push ok
2026-07-16 14:31:35  commit ok: auto: 14:31 auto save
2026-07-16 14:31:38  push ok
2026-07-16 15:01:35  commit ok: auto: 15:01 auto save
2026-07-16 15:01:38  push ok
2026-07-16 15:31:55  commit ok: auto: 15:31 auto save
2026-07-16 15:32:16  push failed: fatal: unable to access 'https://github.com/TYY-tyy-tyy/21yglh.git/': Failed to connect to github.com port 443 after 21099 ms: Could not connect to server
2026-07-16 16:01:35  commit ok: auto: 16:01 auto save
2026-07-16 16:01:38  push ok
2026-07-16 16:31:35  commit ok: auto: 16:31 auto save
2026-07-16 16:31:38  push ok
2026-07-16 17:01:35  commit ok: auto: 17:01 auto save
2026-07-16 17:01:37  push ok
2026-07-16 17:31:53  commit ok: auto: 17:31 auto save
2026-07-16 17:32:35  push failed: fatal: unable to access 'https://github.com/TYY-tyy-tyy/21yglh.git/': Failed to connect to github.com port 443 after 21038 ms: Could not connect to server
2026-07-16 18:01:35  commit ok: auto: 18:01 auto save
2026-07-16 18:01:38  push ok
2026-07-16 18:31:35  commit ok: auto: 18:31 auto save
2026-07-16 18:31:38  push ok
2026-07-16 19:01:37  commit ok: auto: 19:01 auto save
2026-07-16 19:01:38  push failed: fatal: the remote end hung up unexpectedly error: failed to push some refs to 'https://github.com/TYY-tyy-tyy/21yglh.git'
2026-07-17 22:01:36  commit ok: auto: 22:01 auto save
2026-07-17 22:01:48  push ok
2026-07-17 22:31:37  commit ok: auto: 22:31 auto save
2026-07-17 22:31:41  push ok
2026-07-17 23:01:35  commit ok: auto: 23:01 auto save
2026-07-17 23:01:39  push ok
2026-07-17 23:32:16  commit ok: auto: 23:32 auto save
2026-07-17 23:32:37  push failed: fatal: unable to access 'https://github.com/TYY-tyy-tyy/21yglh.git/': Failed to connect to github.com port 443 after 21061 ms: Could not connect to server
2026-07-18 00:01:36  commit ok: auto: 00:01 auto save
2026-07-18 00:01:41  push ok
2026-07-18 08:46:49  commit ok: auto: 08:46 auto save
2026-07-18 08:46:49  push failed: fatal: unable to access 'https://github.com/TYY-tyy-tyy/21yglh.git/': Could not resolve host: github.com
2026-07-18 09:07:02  commit ok: auto: 09:07 auto save
2026-07-18 09:08:09  push ok
2026-07-18 09:31:56  commit ok: auto: 09:31 auto save
2026-07-18 09:32:38  push failed: fatal: unable to access 'https://github.com/TYY-tyy-tyy/21yglh.git/': Failed to connect to github.com port 443 after 21053 ms: Could not connect to server
2026-07-18 10:03:37  commit ok: auto: 10:03 auto save
2026-07-18 11:39:15  commit ok: auto: 11:39 auto save
2026-07-18 11:39:15  push failed: fatal: unable to access 'https://github.com/TYY-tyy-tyy/21yglh.git/': Could not resolve host: github.com
2026-07-18 12:26:34  commit ok: auto: 12:26 auto save
2026-07-18 12:26:34  push failed: fatal: unable to access 'https://github.com/TYY-tyy-tyy/21yglh.git/': Could not resolve host: github.com
2026-07-18 12:31:35  commit ok: auto: 12:31 auto save
2026-07-18 12:31:37  push ok
2026-07-18 13:10:33  commit ok: auto: 13:10 auto save
2026-07-18 13:10:33  push failed: fatal: unable to access 'https://github.com/TYY-tyy-tyy/21yglh.git/': Could not resolve host: github.com
2026-07-18 14:06:42  commit ok: auto: 14:06 auto save
2026-07-18 14:06:45  push ok
2026-07-18 14:32:54  commit ok: auto: 14:32 auto save
2026-07-18 14:32:57  push ok
2026-07-18 15:31:34  commit ok: auto: 15:31 auto save
2026-07-18 15:31:39  push ok
2026-07-18 16:46:05  commit ok: auto: 16:46 auto save
2026-07-18 16:46:10  push ok
2026-07-18 17:01:34  commit ok: auto: 17:01 auto save
2026-07-18 17:01:37  push ok
2026-07-18 17:31:53  commit ok: auto: 17:31 auto save
2026-07-18 17:32:14  push failed: fatal: unable to access 'https://github.com/TYY-tyy-tyy/21yglh.git/': Failed to connect to github.com port 443 after 21131 ms: Could not connect to server
2026-07-18 18:07:43  commit ok: auto: 18:07 auto save
2026-07-18 18:07:43  push failed: fatal: unable to access 'https://github.com/TYY-tyy-tyy/21yglh.git/': Could not resolve host: github.com
2026-07-18 20:18:45  commit ok: auto: 20:18 auto save
2026-07-18 20:18:45  push failed: fatal: unable to access 'https://github.com/TYY-tyy-tyy/21yglh.git/': Could not resolve host: github.com
2026-07-18 21:11:25  commit ok: auto: 21:11 auto save
2026-07-18 21:11:25  push failed: fatal: unable to access 'https://github.com/TYY-tyy-tyy/21yglh.git/': Could not resolve host: github.com
2026-07-20 14:53:55  commit ok: auto: 14:53 auto save
2026-07-20 14:54:15  push failed: fatal: unable to access 'https://github.com/TYY-tyy-tyy/21yglh.git/': Recv failure: Connection was reset
2026-07-20 15:01:34  commit ok: auto: 15:01 auto save
2026-07-20 15:01:37  push ok
2026-07-20 15:31:34  commit ok: auto: 15:31 auto save
2026-07-20 15:31:36  push ok
2026-07-20 16:01:34  commit ok: auto: 16:01 auto save
2026-07-20 16:31:37  commit ok: auto: 16:31 auto save
2026-07-20 16:31:52  push ok
2026-07-20 17:01:34  commit ok: auto: 17:01 auto save
2026-07-20 17:01:37  push ok
2026-07-20 17:32:00  commit ok: auto: 17:32 auto save
2026-07-20 17:32:21  push failed: fatal: unable to access 'https://github.com/TYY-tyy-tyy/21yglh.git/': Failed to connect to github.com port 443 after 21072 ms: Could not connect to server
2026-07-20 18:01:53  commit ok: auto: 18:01 auto save
2026-07-20 18:02:37  push failed: fatal: unable to access 'https://github.com/TYY-tyy-tyy/21yglh.git/': Failed to connect to github.com port 443 after 21051 ms: Could not connect to server
2026-07-20 18:32:15  commit ok: auto: 18:32 auto save
2026-07-20 18:32:34  push failed: fatal: unable to access 'https://github.com/TYY-tyy-tyy/21yglh.git/': Recv failure: Connection was reset
2026-07-20 19:01:41  commit ok: auto: 19:01 auto save
2026-07-20 19:01:44  push ok
2026-07-20 19:31:36  commit ok: auto: 19:31 auto save
2026-07-20 19:31:38  push ok
2026-07-20 21:01:42  commit ok: auto: 21:01 auto save
2026-07-20 21:01:44  push ok
2026-07-20 21:32:25  commit ok: auto: 21:32 auto save
2026-07-20 21:32:53  push failed: fatal: unable to access 'https://github.com/TYY-tyy-tyy/21yglh.git/': Failed to connect to github.com port 443 after 28309 ms: Could not connect to server
2026-07-20 22:01:34  commit ok: auto: 22:01 auto save
2026-07-20 22:01:38  push ok
2026-07-20 22:31:34  commit ok: auto: 22:31 auto save
2026-07-20 22:31:37  push ok
2026-07-20 23:01:33  commit ok: auto: 23:01 auto save
2026-07-20 23:01:36  push ok
2026-07-20 23:31:33  commit ok: auto: 23:31 auto save
2026-07-20 23:31:36  push ok
2026-07-21 10:17:27  commit ok: auto: 10:17 auto save
2026-07-21 10:17:30  push ok
2026-07-21 10:31:34  commit ok: auto: 10:31 auto save
2026-07-21 10:31:37  push ok
2026-07-21 11:01:34  commit ok: auto: 11:01 auto save
2026-07-21 11:01:37  push ok
2026-07-21 11:31:35  commit ok: auto: 11:31 auto save
2026-07-21 11:31:38  push ok
2026-07-21 12:01:55  commit ok: auto: 12:01 auto save
2026-07-21 12:02:37  push failed: fatal: unable to access 'https://github.com/TYY-tyy-tyy/21yglh.git/': Failed to connect to github.com port 443 after 21074 ms: Could not connect to server
2026-07-21 12:31:53  commit ok: auto: 12:31 auto save
2026-07-21 12:32:14  push failed: fatal: unable to access 'https://github.com/TYY-tyy-tyy/21yglh.git/': Failed to connect to github.com port 443 after 21078 ms: Could not connect to server
2026-07-21 13:01:34  commit ok: auto: 13:01 auto save
2026-07-21 13:01:38  push ok
2026-07-21 13:31:42  commit ok: auto: 13:31 auto save
2026-07-21 13:31:44  push ok
2026-07-21 14:01:34  commit ok: auto: 14:01 auto save
2026-07-21 14:01:37  push ok
2026-07-21 14:32:02  commit ok: auto: 14:32 auto save
2026-07-21 14:32:26  push failed: fatal: unable to access 'https://github.com/TYY-tyy-tyy/21yglh.git/': Failed to connect to github.com port 443 after 24302 ms: Could not connect to server
2026-07-21 15:01:35  commit ok: auto: 15:01 auto save
2026-07-21 15:01:37  push ok
2026-07-21 15:32:18  commit ok: auto: 15:32 auto save
2026-07-21 15:32:50  push failed: fatal: unable to access 'https://github.com/TYY-tyy-tyy/21yglh.git/': Failed to connect to github.com port 443 after 32469 ms: Could not connect to server
2026-07-21 16:01:52  commit ok: auto: 16:01 auto save
2026-07-21 16:02:13  push failed: fatal: unable to access 'https://github.com/TYY-tyy-tyy/21yglh.git/': Failed to connect to github.com port 443 after 21084 ms: Could not connect to server
2026-07-21 16:31:52  commit ok: auto: 16:31 auto save
2026-07-21 16:32:13  push failed: fatal: unable to access 'https://github.com/TYY-tyy-tyy/21yglh.git/': Failed to connect to github.com port 443 after 21458 ms: Could not connect to server
2026-07-21 17:01:37  commit ok: auto: 17:01 auto save
2026-07-21 17:01:40  push ok
2026-07-21 17:32:17  commit ok: auto: 17:32 auto save
2026-07-21 17:32:42  push failed: fatal: unable to access 'https://github.com/TYY-tyy-tyy/21yglh.git/': Failed to connect to github.com port 443 after 25573 ms: Could not connect to server
2026-07-21 18:01:43  commit ok: auto: 18:01 auto save
2026-07-21 18:01:45  push ok
2026-07-21 18:31:33  commit ok: auto: 18:31 auto save
2026-07-21 18:31:36  push ok
2026-07-21 19:01:55  commit ok: auto: 19:01 auto save
2026-07-21 19:02:17  push failed: fatal: unable to access 'https://github.com/TYY-tyy-tyy/21yglh.git/': Failed to connect to github.com port 443 after 21044 ms: Could not connect to server
2026-07-21 19:31:34  commit ok: auto: 19:31 auto save
2026-07-21 19:31:37  push ok
2026-07-21 20:01:41  commit ok: auto: 20:01 auto save
2026-07-21 20:01:43  push ok
2026-07-21 20:31:34  commit ok: auto: 20:31 auto save
2026-07-21 20:31:37  push ok
2026-07-21 21:01:34  commit ok: auto: 21:01 auto save
2026-07-21 21:01:37  push ok
2026-07-21 21:32:01  commit ok: auto: 21:32 auto save
2026-07-21 21:32:34  push failed: fatal: unable to access 'https://github.com/TYY-tyy-tyy/21yglh.git/': Failed to connect to github.com port 443 after 32288 ms: Could not connect to server
2026-07-22 14:18:49  commit ok: auto: 14:18 auto save
2026-07-22 14:18:52  push ok
2026-07-22 14:31:56  commit ok: auto: 14:31 auto save
2026-07-22 14:32:17  push failed: fatal: unable to access 'https://github.com/TYY-tyy-tyy/21yglh.git/': Failed to connect to github.com port 443 after 21097 ms: Could not connect to server
2026-07-22 15:01:34  commit ok: auto: 15:01 auto save
2026-07-22 15:01:55  push failed: fatal: unable to access 'https://github.com/TYY-tyy-tyy/21yglh.git/': Failed to connect to github.com port 443 after 21058 ms: Could not connect to server
2026-07-22 15:31:41  commit ok: auto: 15:31 auto save
2026-07-22 15:31:43  push ok
2026-07-22 16:06:00  commit ok: auto: 16:05 auto save
2026-07-22 16:06:20  push failed: fatal: unable to access 'https://github.com/TYY-tyy-tyy/21yglh.git/': Recv failure: Connection was reset
2026-07-22 16:31:57  commit ok: auto: 16:31 auto save
2026-07-22 16:32:30  push failed: fatal: unable to access 'https://github.com/TYY-tyy-tyy/21yglh.git/': Failed to connect to github.com port 443 after 32185 ms: Could not connect to server
2026-07-22 17:02:32  commit ok: auto: 17:02 auto save
2026-07-22 17:02:35  push ok
2026-07-22 17:31:35  commit ok: auto: 17:31 auto save
2026-07-22 17:31:37  push ok
2026-07-22 18:01:59  commit ok: auto: 18:01 auto save
2026-07-22 18:02:28  push failed: fatal: unable to access 'https://github.com/TYY-tyy-tyy/21yglh.git/': Failed to connect to github.com port 443 after 28204 ms: Could not connect to server
2026-07-22 18:31:33  commit ok: auto: 18:31 auto save
2026-07-22 18:31:36  push ok
2026-07-22 19:57:30  commit ok: auto: 19:57 auto save
2026-07-22 19:57:33  push ok
2026-07-22 20:01:58  commit ok: auto: 20:01 auto save
2026-07-22 20:02:22  push failed: fatal: unable to access 'https://github.com/TYY-tyy-tyy/21yglh.git/': Failed to connect to github.com port 443 after 24401 ms: Could not connect to server
2026-07-22 21:37:59  commit ok: auto: 21:37 auto save
2026-07-22 21:38:02  push ok
2026-07-22 22:43:59  commit ok: auto: 22:43 auto save
2026-07-22 22:44:03  push ok
2026-07-24 13:50:08  commit ok: auto: 13:50 auto save
2026-07-24 13:50:11  push ok
2026-07-24 14:02:01  commit ok: auto: 14:02 auto save
2026-07-24 14:02:48  push failed: fatal: unable to access 'https://github.com/TYY-tyy-tyy/21yglh.git/': Failed to connect to github.com port 443 after 21090 ms: Could not connect to server
2026-07-24 14:31:34  commit ok: auto: 14:31 auto save
2026-07-24 14:31:36  push ok
2026-07-24 15:01:45  commit ok: auto: 15:01 auto save
2026-07-24 15:01:48  push ok
2026-07-24 15:31:41  commit ok: auto: 15:31 auto save
2026-07-24 15:31:43  push ok
2026-07-24 16:01:34  commit ok: auto: 16:01 auto save
2026-07-24 16:01:37  push ok
2026-07-24 16:31:34  commit ok: auto: 16:31 auto save
2026-07-24 16:31:37  push ok
2026-07-24 17:02:25  commit ok: auto: 17:02 auto save
2026-07-24 17:02:49  push failed: fatal: unable to access 'https://github.com/TYY-tyy-tyy/21yglh.git/': Failed to connect to github.com port 443 after 24198 ms: Could not connect to server
2026-07-24 18:01:45  commit ok: auto: 18:01 auto save
2026-07-24 18:01:48  push ok
2026-07-24 18:31:34  commit ok: auto: 18:31 auto save
2026-07-24 18:31:38  push ok
2026-07-24 19:01:34  commit ok: auto: 19:01 auto save
2026-07-24 19:01:37  push ok
2026-07-24 19:31:44  commit ok: auto: 19:31 auto save
2026-07-24 19:32:29  push failed: fatal: unable to access 'https://github.com/TYY-tyy-tyy/21yglh.git/': Failed to connect to github.com port 443 after 21103 ms: Could not connect to server
2026-07-24 20:06:34  commit ok: auto: 20:06 auto save
2026-07-24 20:06:58  push failed: fatal: unable to access 'https://github.com/TYY-tyy-tyy/21yglh.git/': Failed to connect to github.com port 443 after 24370 ms: Could not connect to server
2026-07-24 20:31:53  commit ok: auto: 20:31 auto save
2026-07-24 20:32:13  push failed: fatal: unable to access 'https://github.com/TYY-tyy-tyy/21yglh.git/': Recv failure: Connection was reset
2026-07-24 21:01:34  commit ok: auto: 21:01 auto save
2026-07-24 21:01:37  push ok
2026-07-24 21:31:53  commit ok: auto: 21:31 auto save
2026-07-24 21:32:15  push failed: fatal: unable to access 'https://github.com/TYY-tyy-tyy/21yglh.git/': Failed to connect to github.com port 443 after 21117 ms: Could not connect to server
2026-07-24 22:02:21  commit ok: auto: 22:02 auto save
2026-07-24 22:02:40  push failed: fatal: unable to access 'https://github.com/TYY-tyy-tyy/21yglh.git/': Recv failure: Connection was reset
2026-07-24 22:31:34  commit ok: auto: 22:31 auto save
2026-07-24 22:31:37  push ok
2026-07-24 23:01:34  commit ok: auto: 23:01 auto save
2026-07-24 23:01:37  push ok
2026-07-25 02:32:22  commit ok: auto: 02:32 auto save
2026-07-25 02:32:22  push failed: fatal: unable to access 'https://github.com/TYY-tyy-tyy/21yglh.git/': Could not resolve host: github.com
2026-07-25 14:31:34  commit ok: auto: 14:31 auto save
2026-07-25 14:31:37  push ok
2026-07-25 15:01:34  commit ok: auto: 15:01 auto save
2026-07-25 15:01:36  push ok
2026-07-25 15:31:34  commit ok: auto: 15:31 auto save
2026-07-25 15:31:36  push ok
2026-07-25 16:01:41  commit ok: auto: 16:01 auto save
2026-07-25 16:01:43  push ok
2026-07-25 16:31:34  commit ok: auto: 16:31 auto save
2026-07-25 16:31:36  push ok
2026-07-25 17:03:50  commit ok: auto: 17:03 auto save
2026-07-25 17:03:52  push ok
2026-07-25 17:42:52  commit ok: auto: 17:42 auto save
2026-07-25 17:42:52  push failed: fatal: unable to access 'https://github.com/TYY-tyy-tyy/21yglh.git/': Could not resolve host: github.com
2026-07-25 18:17:30  commit ok: auto: 18:17 auto save
2026-07-25 18:17:50  push failed: fatal: unable to access 'https://github.com/TYY-tyy-tyy/21yglh.git/': Recv failure: Connection was reset
2026-07-25 20:33:46  commit ok: auto: 20:33 auto save
2026-07-25 20:33:48  push ok
2026-07-25 21:02:14  commit ok: auto: 21:02 auto save
2026-07-25 21:02:55  push failed: fatal: unable to access 'https://github.com/TYY-tyy-tyy/21yglh.git/': Failed to connect to github.com port 443 after 21054 ms: Could not connect to server
2026-07-25 21:32:13  commit ok: auto: 21:32 auto save
2026-07-25 21:32:34  push failed: fatal: unable to access 'https://github.com/TYY-tyy-tyy/21yglh.git/': Failed to connect to github.com port 443 after 21079 ms: Could not connect to server
2026-07-25 22:15:48  commit ok: auto: 22:15 auto save
2026-07-25 22:15:51  push ok
2026-07-26 14:48:59  commit ok: auto: 14:48 auto save
2026-07-26 14:49:02  push ok
2026-07-26 16:36:36  commit ok: auto: 16:36 auto save
2026-07-26 16:37:17  push failed: fatal: unable to access 'https://github.com/TYY-tyy-tyy/21yglh.git/': Failed to connect to github.com port 443 after 21047 ms: Could not connect to server
2026-07-27 14:18:26  commit ok: auto: 14:18 auto save
2026-07-27 14:24:22  commit ok: auto: 14:24 auto save
2026-07-27 14:24:26  push ok
2026-07-27 14:32:23  commit ok: auto: 14:31 auto save
2026-07-27 14:33:05  push failed: fatal: unable to access 'https://github.com/TYY-tyy-tyy/21yglh.git/': Failed to connect to github.com port 443 after 21060 ms: Could not connect to server
2026-07-27 15:01:34  commit ok: auto: 15:01 auto save
2026-07-27 15:01:38  push ok
2026-07-27 15:31:35  commit ok: auto: 15:31 auto save
2026-07-27 15:31:38  push ok
2026-07-27 16:01:34  commit ok: auto: 16:01 auto save
2026-07-27 16:01:36  push ok
2026-07-27 16:31:54  commit ok: auto: 16:31 auto save
2026-07-27 16:32:37  push failed: fatal: unable to access 'https://github.com/TYY-tyy-tyy/21yglh.git/': Failed to connect to github.com port 443 after 21053 ms: Could not connect to server
2026-07-27 17:01:34  commit ok: auto: 17:01 auto save
2026-07-27 17:01:37  push ok
2026-07-27 17:31:34  commit ok: auto: 17:31 auto save
2026-07-27 17:31:37  push ok
2026-07-27 20:50:39  commit ok: auto: 20:50 auto save
2026-07-27 20:50:42  push ok
2026-07-27 21:25:14  commit ok: auto: 21:25 auto save
2026-07-27 21:25:17  push ok
2026-07-28 00:25:47  commit ok: auto: 00:25 auto save
2026-07-28 00:25:47  push failed: fatal: unable to access 'https://github.com/TYY-tyy-tyy/21yglh.git/': Failed to connect to github.com port 443 after 67 ms: Could not connect to server
2026-07-28 14:38:32  commit ok: auto: 14:38 auto save
2026-07-28 14:38:53  push failed: fatal: unable to access 'https://github.com/TYY-tyy-tyy/21yglh.git/': Failed to connect to github.com port 443 after 21133 ms: Could not connect to server
2026-07-28 15:01:35  commit ok: auto: 15:01 auto save
2026-07-28 15:01:37  push ok
2026-07-28 15:32:12  commit ok: auto: 15:32 auto save
2026-07-28 15:32:33  push failed: fatal: unable to access 'https://github.com/TYY-tyy-tyy/21yglh.git/': Failed to connect to github.com port 443 after 21169 ms: Could not connect to server
2026-07-28 16:01:34  commit ok: auto: 16:01 auto save
2026-07-28 16:01:36  push ok
2026-07-28 16:31:52  commit ok: auto: 16:31 auto save
2026-07-28 16:32:13  push failed: fatal: unable to access 'https://github.com/TYY-tyy-tyy/21yglh.git/': Failed to connect to github.com port 443 after 21097 ms: Could not connect to server
2026-07-28 17:01:36  commit ok: auto: 17:01 auto save
2026-07-28 17:01:39  push ok
2026-07-28 17:31:53  commit ok: auto: 17:31 auto save
2026-07-28 17:32:14  push failed: fatal: unable to access 'https://github.com/TYY-tyy-tyy/21yglh.git/': Failed to connect to github.com port 443 after 21085 ms: Could not connect to server
2026-07-28 18:31:34  commit ok: auto: 18:31 auto save
2026-07-28 18:31:36  push ok
2026-07-28 19:01:33  commit ok: auto: 19:01 auto save
2026-07-28 19:01:36  push ok
2026-07-29 07:41:16  commit ok: auto: 07:41 auto save
2026-07-29 07:41:18  push ok
2026-07-29 08:02:17  commit ok: auto: 08:02 auto save
2026-07-29 08:02:59  push failed: fatal: unable to access 'https://github.com/TYY-tyy-tyy/21yglh.git/': Failed to connect to github.com port 443 after 21045 ms: Could not connect to server
2026-07-29 08:31:34  commit ok: auto: 08:31 auto save
2026-07-29 08:31:37  push ok
2026-07-29 09:02:19  commit ok: auto: 09:02 auto save
2026-07-29 09:02:45  push failed: fatal: unable to access 'https://github.com/TYY-tyy-tyy/21yglh.git/': Failed to connect to github.com port 443 after 26020 ms: Could not connect to server
2026-07-29 09:31:34  commit ok: auto: 09:31 auto save
2026-07-29 09:31:37  push ok
2026-07-29 10:01:36  commit ok: auto: 10:01 auto save
2026-07-29 10:01:41  push ok
2026-07-29 10:32:12  commit ok: auto: 10:32 auto save
2026-07-29 10:32:37  push failed: fatal: unable to access 'https://github.com/TYY-tyy-tyy/21yglh.git/': Failed to connect to github.com port 443 after 24457 ms: Could not connect to server
2026-07-29 11:02:21  commit ok: auto: 11:02 auto save
2026-07-29 11:02:44  push failed: fatal: unable to access 'https://github.com/TYY-tyy-tyy/21yglh.git/': Failed to connect to github.com port 443 after 22567 ms: Could not connect to server
2026-07-29 11:31:43  commit ok: auto: 11:31 auto save
2026-07-29 11:31:46  push ok
2026-07-29 12:02:01  commit ok: auto: 12:02 auto save
2026-07-29 12:02:27  push failed: fatal: unable to access 'https://github.com/TYY-tyy-tyy/21yglh.git/': Failed to connect to github.com port 443 after 26024 ms: Could not connect to server
2026-07-29 12:31:53  commit ok: auto: 12:31 auto save
2026-07-29 12:32:15  push failed: fatal: unable to access 'https://github.com/TYY-tyy-tyy/21yglh.git/': Failed to connect to github.com port 443 after 22161 ms: Could not connect to server
2026-07-29 13:02:14  commit ok: auto: 13:02 auto save
2026-07-29 13:02:40  push failed: fatal: unable to access 'https://github.com/TYY-tyy-tyy/21yglh.git/': Failed to connect to github.com port 443 after 25347 ms: Could not connect to server
2026-07-29 13:31:35  commit ok: auto: 13:31 auto save
2026-07-29 13:31:37  push ok
2026-07-29 14:02:01  commit ok: auto: 14:02 auto save
2026-07-29 14:02:23  push failed: fatal: unable to access 'https://github.com/TYY-tyy-tyy/21yglh.git/': Failed to connect to github.com port 443 after 21813 ms: Could not connect to server
2026-07-29 14:32:03  commit ok: auto: 14:32 auto save
2026-07-29 14:32:26  push failed: fatal: unable to access 'https://github.com/TYY-tyy-tyy/21yglh.git/': Failed to connect to github.com port 443 after 23745 ms: Could not connect to server
2026-07-29 15:02:23  commit ok: auto: 15:02 auto save
2026-07-29 15:02:45  push failed: fatal: unable to access 'https://github.com/TYY-tyy-tyy/21yglh.git/': Failed to connect to github.com port 443 after 21082 ms: Could not connect to server
2026-07-29 15:31:35  commit ok: auto: 15:31 auto save
2026-07-29 15:31:38  push ok
2026-07-29 16:02:00  commit ok: auto: 16:02 auto save
2026-07-29 16:02:22  push failed: fatal: unable to access 'https://github.com/TYY-tyy-tyy/21yglh.git/': Failed to connect to github.com port 443 after 22492 ms: Could not connect to server
2026-07-29 16:31:41  commit ok: auto: 16:31 auto save
2026-07-29 16:31:44  push ok
2026-07-29 17:01:55  commit ok: auto: 17:01 auto save
2026-07-29 17:02:16  push failed: fatal: unable to access 'https://github.com/TYY-tyy-tyy/21yglh.git/': Failed to connect to github.com port 443 after 21592 ms: Could not connect to server
2026-07-29 17:37:20  commit ok: auto: 17:37 auto save
2026-07-29 17:37:36  push ok
2026-07-29 18:05:36  commit ok: auto: 18:05 auto save
2026-07-29 18:05:42  push ok
2026-07-29 18:36:56  commit ok: auto: 18:36 auto save
2026-07-29 18:36:59  push ok
2026-07-29 19:01:35  commit ok: auto: 19:01 auto save
2026-07-29 19:01:39  push ok
2026-07-29 19:48:40  commit ok: auto: 19:48 auto save
2026-07-29 20:07:22  push failed: fatal: unable to access 'https://github.com/TYY-tyy-tyy/21yglh.git/': Connection timed out after 1122036 milliseconds
2026-07-29 20:52:52  commit ok: auto: 20:52 auto save
2026-07-29 20:53:17  push failed: fatal: unable to access 'https://github.com/TYY-tyy-tyy/21yglh.git/': Failed to connect to github.com port 443 after 25054 ms: Could not connect to server
2026-07-29 21:03:23  commit ok: auto: 21:03 auto save
2026-07-29 21:03:26  push ok
2026-07-29 21:46:34  commit ok: auto: 21:46 auto save
2026-07-29 21:46:55  push failed: fatal: unable to access 'https://github.com/TYY-tyy-tyy/21yglh.git/': Failed to connect to github.com port 443 after 21185 ms: Could not connect to server
2026-07-29 22:01:59  commit ok: auto: 22:01 auto save
2026-07-29 22:02:24  push failed: fatal: unable to access 'https://github.com/TYY-tyy-tyy/21yglh.git/': Failed to connect to github.com port 443 after 24747 ms: Could not connect to server
2026-07-29 22:31:36  commit ok: auto: 22:31 auto save
2026-07-29 22:31:38  push ok
2026-07-29 23:01:41  commit ok: auto: 23:01 auto save
2026-07-29 23:01:44  push ok
2026-07-29 23:32:02  commit ok: auto: 23:32 auto save
2026-07-29 23:32:05  push ok
2026-07-30 00:02:41  commit ok: auto: 00:02 auto save
2026-07-30 00:02:44  push ok
2026-07-30 00:33:24  commit ok: auto: 00:33 auto save
2026-07-30 00:33:27  push ok
2026-07-30 01:01:33  commit ok: auto: 01:01 auto save
2026-07-30 01:01:36  push ok
2026-07-30 01:31:34  commit ok: auto: 01:31 auto save
2026-07-30 01:31:38  push ok
2026-07-30 02:01:34  commit ok: auto: 02:01 auto save
2026-07-30 02:01:37  push ok
2026-07-30 02:31:33  commit ok: auto: 02:31 auto save
2026-07-30 02:31:36  push ok
2026-07-30 03:01:33  commit ok: auto: 03:01 auto save
2026-07-30 03:01:36  push ok
2026-07-30 03:32:15  commit ok: auto: 03:32 auto save
2026-07-30 03:32:36  push failed: fatal: unable to access 'https://github.com/TYY-tyy-tyy/21yglh.git/': Failed to connect to github.com port 443 after 21048 ms: Could not connect to server
2026-07-30 04:01:33  commit ok: auto: 04:01 auto save
2026-07-30 04:01:36  push ok
2026-07-30 04:31:33  commit ok: auto: 04:31 auto save
2026-07-30 04:31:36  push ok
2026-07-30 05:01:33  commit ok: auto: 05:01 auto save
2026-07-30 05:01:36  push ok
2026-07-30 05:31:52  commit ok: auto: 05:31 auto save
2026-07-30 05:32:12  push failed: fatal: unable to access 'https://github.com/TYY-tyy-tyy/21yglh.git/': Recv failure: Connection was reset
2026-07-30 06:01:34  commit ok: auto: 06:01 auto save
2026-07-30 06:01:36  push ok
2026-07-30 06:52:59  commit ok: auto: 06:52 auto save
2026-07-30 06:53:02  push ok
2026-07-30 07:01:34  commit ok: auto: 07:01 auto save
2026-07-30 07:01:37  push ok
2026-07-30 07:32:14  commit ok: auto: 07:32 auto save
2026-07-30 07:32:35  push failed: fatal: unable to access 'https://github.com/TYY-tyy-tyy/21yglh.git/': Failed to connect to github.com port 443 after 21067 ms: Could not connect to server
2026-07-30 08:01:34  commit ok: auto: 08:01 auto save
2026-07-30 08:02:45  push failed: error: RPC failed; curl 28 Failed to connect to github.com port 443 after 21062 ms: Could not connect to server send-pack: unexpected disconnect while reading sideband packet fatal: the remote end hung up unexpectedly Everything up-to-date
2026-07-30 08:31:52  commit ok: auto: 08:31 auto save
2026-07-30 08:32:14  push failed: fatal: unable to access 'https://github.com/TYY-tyy-tyy/21yglh.git/': Failed to connect to github.com port 443 after 21056 ms: Could not connect to server
2026-07-30 09:01:34  commit ok: auto: 09:01 auto save
2026-07-30 09:01:37  push ok
2026-07-30 09:31:34  commit ok: auto: 09:31 auto save
2026-07-30 09:31:36  push ok
2026-07-30 10:02:14  commit ok: auto: 10:02 auto save
2026-07-30 10:02:55  push failed: fatal: unable to access 'https://github.com/TYY-tyy-tyy/21yglh.git/': Failed to connect to github.com port 443 after 21078 ms: Could not connect to server
2026-07-30 10:31:34  commit ok: auto: 10:31 auto save
2026-07-30 10:31:36  push ok
2026-07-30 11:01:34  commit ok: auto: 11:01 auto save
2026-07-30 11:01:36  push ok
2026-07-30 11:31:34  commit ok: auto: 11:31 auto save
2026-07-30 11:31:36  push ok
2026-07-30 12:01:52  commit ok: auto: 12:01 auto save
2026-07-30 12:02:13  push failed: fatal: unable to access 'https://github.com/TYY-tyy-tyy/21yglh.git/': Failed to connect to github.com port 443 after 21078 ms: Could not connect to server
2026-07-30 12:33:29  commit ok: auto: 12:33 auto save
2026-07-30 12:33:32  push ok
2026-07-30 13:01:52  commit ok: auto: 13:01 auto save
2026-07-30 13:02:14  push failed: fatal: unable to access 'https://github.com/TYY-tyy-tyy/21yglh.git/': Failed to connect to github.com port 443 after 21070 ms: Could not connect to server
2026-07-30 13:32:12  commit ok: auto: 13:32 auto save
2026-07-30 13:32:33  push failed: fatal: unable to access 'https://github.com/TYY-tyy-tyy/21yglh.git/': Failed to connect to github.com port 443 after 21096 ms: Could not connect to server
2026-07-30 14:31:34  commit ok: auto: 14:31 auto save
2026-07-30 14:31:37  push ok
2026-07-30 15:12:58  commit ok: auto: 15:12 auto save
2026-07-30 15:13:00  push ok
2026-07-30 15:31:34  commit ok: auto: 15:31 auto save
2026-07-30 15:31:36  push ok
2026-07-30 16:14:54  commit ok: auto: 16:14 auto save
2026-07-30 16:14:57  push ok
2026-07-30 16:32:14  commit ok: auto: 16:32 auto save
2026-07-30 16:32:35  push failed: fatal: unable to access 'https://github.com/TYY-tyy-tyy/21yglh.git/': Failed to connect to github.com port 443 after 21060 ms: Could not connect to server
2026-07-30 17:02:14  commit ok: auto: 17:02 auto save
2026-07-30 17:02:35  push failed: fatal: unable to access 'https://github.com/TYY-tyy-tyy/21yglh.git/': Failed to connect to github.com port 443 after 21083 ms: Could not connect to server
2026-07-30 17:31:34  commit ok: auto: 17:31 auto save
2026-07-30 17:31:36  push ok
2026-07-30 18:01:34  commit ok: auto: 18:01 auto save
2026-07-30 18:01:40  push ok
2026-07-30 18:31:52  commit ok: auto: 18:31 auto save
2026-07-30 19:02:14  commit ok: auto: 19:02 auto save
2026-07-30 19:02:35  push failed: fatal: unable to access 'https://github.com/TYY-tyy-tyy/21yglh.git/': Failed to connect to github.com port 443 after 21049 ms: Could not connect to server
2026-07-30 19:31:34  commit ok: auto: 19:31 auto save
2026-07-30 19:31:37  push ok
2026-07-30 20:05:32  commit ok: auto: 20:05 auto save
2026-07-30 20:05:35  push ok
2026-07-30 20:31:34  commit ok: auto: 20:31 auto save
2026-07-30 20:31:37  push ok
2026-07-30 21:01:34  commit ok: auto: 21:01 auto save
2026-07-30 21:01:36  push ok
2026-07-30 21:31:53  commit ok: auto: 21:31 auto save
2026-07-30 21:32:14  push failed: fatal: unable to access 'https://github.com/TYY-tyy-tyy/21yglh.git/': Failed to connect to github.com port 443 after 21109 ms: Could not connect to server
2026-07-30 22:01:34  commit ok: auto: 22:01 auto save
2026-07-30 22:01:37  push ok
2026-07-30 22:31:44  commit ok: auto: 22:31 auto save
2026-07-30 22:32:05  push failed: fatal: unable to access 'https://github.com/TYY-tyy-tyy/21yglh.git/': Failed to connect to github.com port 443 after 21041 ms: Could not connect to server
2026-07-30 23:01:34  commit ok: auto: 23:01 auto save
2026-07-30 23:01:37  push ok
2026-07-30 23:31:34  commit ok: auto: 23:31 auto save
2026-07-30 23:31:37  push ok
2026-07-31 00:01:53  commit ok: auto: 00:01 auto save
2026-07-31 00:02:14  push failed: fatal: unable to access 'https://github.com/TYY-tyy-tyy/21yglh.git/': Failed to connect to github.com port 443 after 21065 ms: Could not connect to server
2026-07-31 00:45:23  commit ok: auto: 00:45 auto save
2026-07-31 00:45:26  push ok
2026-07-31 01:01:34  commit ok: auto: 01:01 auto save
2026-07-31 01:01:37  push ok
2026-07-31 01:47:06  commit ok: auto: 01:47 auto save
2026-07-31 01:47:27  push failed: fatal: unable to access 'https://github.com/TYY-tyy-tyy/21yglh.git/': Failed to connect to github.com port 443 after 21080 ms: Could not connect to server
2026-07-31 02:01:34  commit ok: auto: 02:01 auto save
2026-07-31 02:01:37  push ok
2026-07-31 02:31:53  commit ok: auto: 02:31 auto save
2026-07-31 02:32:34  push failed: fatal: unable to access 'https://github.com/TYY-tyy-tyy/21yglh.git/': Failed to connect to github.com port 443 after 21109 ms: Could not connect to server
2026-07-31 03:01:34  commit ok: auto: 03:01 auto save
2026-07-31 03:01:38  push ok
2026-07-31 03:33:04  commit ok: auto: 03:33 auto save
2026-07-31 03:33:26  push failed: fatal: unable to access 'https://github.com/TYY-tyy-tyy/21yglh.git/': Failed to connect to github.com port 443 after 21065 ms: Could not connect to server
2026-07-31 04:02:14  commit ok: auto: 04:02 auto save
2026-07-31 04:02:35  push failed: fatal: unable to access 'https://github.com/TYY-tyy-tyy/21yglh.git/': Failed to connect to github.com port 443 after 21045 ms: Could not connect to server
2026-07-31 04:31:34  commit ok: auto: 04:31 auto save
2026-07-31 04:31:37  push ok
2026-07-31 05:01:34  commit ok: auto: 05:01 auto save
2026-07-31 05:01:37  push ok
2026-07-31 05:31:34  commit ok: auto: 05:31 auto save
2026-07-31 05:31:36  push ok
2026-07-31 06:01:34  commit ok: auto: 06:01 auto save
2026-07-31 06:31:34  commit ok: auto: 06:31 auto save
2026-07-31 06:31:37  push ok
2026-07-31 07:01:53  commit ok: auto: 07:01 auto save
2026-07-31 07:02:14  push failed: fatal: unable to access 'https://github.com/TYY-tyy-tyy/21yglh.git/': Failed to connect to github.com port 443 after 21058 ms: Could not connect to server
2026-07-31 07:31:34  commit ok: auto: 07:31 auto save
2026-07-31 07:31:37  push ok
2026-07-31 08:02:14  commit ok: auto: 08:02 auto save
2026-07-31 08:02:35  push failed: fatal: unable to access 'https://github.com/TYY-tyy-tyy/21yglh.git/': Failed to connect to github.com port 443 after 21040 ms: Could not connect to server
2026-07-31 08:31:35  commit ok: auto: 08:31 auto save
2026-07-31 08:31:37  push ok
2026-07-31 09:01:34  commit ok: auto: 09:01 auto save
2026-07-31 09:01:36  push ok
2026-07-31 09:31:34  commit ok: auto: 09:31 auto save
2026-07-31 09:31:37  push ok
2026-07-31 10:01:54  commit ok: auto: 10:01 auto save
2026-07-31 10:02:35  push failed: fatal: unable to access 'https://github.com/TYY-tyy-tyy/21yglh.git/': Failed to connect to github.com port 443 after 21073 ms: Could not connect to server
2026-07-31 10:31:54  commit ok: auto: 10:31 auto save
2026-07-31 10:32:15  push failed: fatal: unable to access 'https://github.com/TYY-tyy-tyy/21yglh.git/': Failed to connect to github.com port 443 after 21062 ms: Could not connect to server
2026-07-31 11:02:15  commit ok: auto: 11:02 auto save
2026-07-31 11:02:36  push failed: fatal: unable to access 'https://github.com/TYY-tyy-tyy/21yglh.git/': Failed to connect to github.com port 443 after 21063 ms: Could not connect to server
2026-07-31 11:31:36  commit ok: auto: 11:31 auto save
2026-07-31 11:31:39  push ok
2026-07-31 12:03:01  commit ok: auto: 12:03 auto save
2026-07-31 12:03:04  push ok
2026-07-31 12:47:13  commit ok: auto: 12:47 auto save
2026-07-31 12:47:16  push ok
2026-07-31 13:01:53  commit ok: auto: 13:01 auto save
2026-07-31 13:02:14  push failed: fatal: unable to access 'https://github.com/TYY-tyy-tyy/21yglh.git/': Failed to connect to github.com port 443 after 21078 ms: Could not connect to server
2026-07-31 13:31:34  commit ok: auto: 13:31 auto save
2026-07-31 13:31:36  push ok
2026-07-31 14:01:34  commit ok: auto: 14:01 auto save
2026-07-31 14:01:36  push ok
2026-07-31 14:36:46  commit ok: auto: 14:36 auto save
2026-07-31 14:36:49  push ok
2026-07-31 15:20:46  commit ok: auto: 15:20 auto save
2026-07-31 15:31:34  commit ok: auto: 15:31 auto save
2026-07-31 15:31:37  push ok
2026-07-31 19:22:43  commit ok: auto: 19:22 auto save
2026-07-31 19:22:46  push ok
2026-07-31 19:32:14  commit ok: auto: 19:32 auto save
2026-07-31 19:32:35  push failed: fatal: unable to access 'https://github.com/TYY-tyy-tyy/21yglh.git/': Failed to connect to github.com port 443 after 21069 ms: Could not connect to server
2026-07-31 20:31:35  commit ok: auto: 20:31 auto save
2026-07-31 20:31:38  push ok
2026-07-31 21:01:36  commit ok: auto: 21:01 auto save
2026-07-31 21:01:39  push ok
2026-07-31 21:43:10  commit ok: auto: 21:43 auto save
2026-07-31 21:43:13  push ok
2026-07-31 22:01:53  commit ok: auto: 22:01 auto save
2026-07-31 22:02:14  push failed: fatal: unable to access 'https://github.com/TYY-tyy-tyy/21yglh.git/': Failed to connect to github.com port 443 after 21100 ms: Could not connect to server
2026-07-31 22:31:53  commit ok: auto: 22:31 auto save
2026-07-31 23:02:14  commit ok: auto: 23:02 auto save
2026-07-31 23:02:35  push failed: fatal: unable to access 'https://github.com/TYY-tyy-tyy/21yglh.git/': Failed to connect to github.com port 443 after 21112 ms: Could not connect to server
2026-07-31 23:31:34  commit ok: auto: 23:31 auto save
2026-07-31 23:31:36  push ok
2026-08-01 00:01:34  commit ok: auto: 00:01 auto save
2026-08-01 00:01:37  push ok
2026-08-01 00:33:53  commit ok: auto: 00:33 auto save
2026-08-01 00:33:56  push ok
2026-08-01 01:06:20  commit ok: auto: 01:06 auto save
2026-08-01 01:06:25  push ok
2026-08-01 01:33:41  commit ok: auto: 01:33 auto save
2026-08-01 01:33:44  push ok
2026-08-01 02:02:14  commit ok: auto: 02:02 auto save
2026-08-01 02:02:36  push failed: fatal: unable to access 'https://github.com/TYY-tyy-tyy/21yglh.git/': Failed to connect to github.com port 443 after 21053 ms: Could not connect to server
2026-08-01 02:31:34  commit ok: auto: 02:31 auto save
2026-08-01 02:31:38  push ok
2026-08-01 03:01:35  commit ok: auto: 03:01 auto save
2026-08-01 03:01:39  push ok
2026-08-01 03:31:35  commit ok: auto: 03:31 auto save
2026-08-01 03:31:39  push ok
2026-08-01 04:02:15  commit ok: auto: 04:02 auto save
2026-08-01 04:02:36  push failed: fatal: unable to access 'https://github.com/TYY-tyy-tyy/21yglh.git/': Failed to connect to github.com port 443 after 21056 ms: Could not connect to server
2026-08-01 04:31:53  commit ok: auto: 04:31 auto save
2026-08-01 04:32:14  push failed: fatal: unable to access 'https://github.com/TYY-tyy-tyy/21yglh.git/': Failed to connect to github.com port 443 after 21058 ms: Could not connect to server
2026-08-01 05:01:35  commit ok: auto: 05:01 auto save
2026-08-01 05:01:39  push ok
2026-08-01 05:31:33  commit ok: auto: 05:31 auto save
2026-08-01 05:31:36  push ok
2026-08-01 06:06:59  commit ok: auto: 06:06 auto save
2026-08-01 06:07:20  push failed: fatal: unable to access 'https://github.com/TYY-tyy-tyy/21yglh.git/': Failed to connect to github.com port 443 after 21092 ms: Could not connect to server
2026-08-01 06:32:12  commit ok: auto: 06:32 auto save
2026-08-01 06:32:33  push failed: fatal: unable to access 'https://github.com/TYY-tyy-tyy/21yglh.git/': Failed to connect to github.com port 443 after 21060 ms: Could not connect to server
2026-08-01 07:01:34  commit ok: auto: 07:01 auto save
2026-08-01 07:01:37  push ok
2026-08-01 07:49:32  commit ok: auto: 07:49 auto save
2026-08-01 07:49:53  push failed: fatal: unable to access 'https://github.com/TYY-tyy-tyy/21yglh.git/': Failed to connect to github.com port 443 after 21102 ms: Could not connect to server
2026-08-01 08:37:25  commit ok: auto: 08:37 auto save
2026-08-01 08:37:47  push failed: fatal: unable to access 'https://github.com/TYY-tyy-tyy/21yglh.git/': Failed to connect to github.com port 443 after 21061 ms: Could not connect to server
2026-08-01 09:01:53  commit ok: auto: 09:01 auto save
2026-08-01 09:02:14  push failed: fatal: unable to access 'https://github.com/TYY-tyy-tyy/21yglh.git/': Failed to connect to github.com port 443 after 21055 ms: Could not connect to server
2026-08-01 09:31:53  commit ok: auto: 09:31 auto save
2026-08-01 09:32:14  push failed: fatal: unable to access 'https://github.com/TYY-tyy-tyy/21yglh.git/': Failed to connect to github.com port 443 after 21055 ms: Could not connect to server
2026-08-01 10:02:05  commit ok: auto: 10:02 auto save
2026-08-01 10:02:26  push failed: fatal: unable to access 'https://github.com/TYY-tyy-tyy/21yglh.git/': Failed to connect to github.com port 443 after 21053 ms: Could not connect to server
2026-08-01 10:31:53  commit ok: auto: 10:31 auto save
2026-08-01 10:32:14  push failed: fatal: unable to access 'https://github.com/TYY-tyy-tyy/21yglh.git/': Failed to connect to github.com port 443 after 21069 ms: Could not connect to server
2026-08-01 11:01:35  commit ok: auto: 11:01 auto save
2026-08-01 11:01:38  push ok
2026-08-01 11:32:15  commit ok: auto: 11:32 auto save
2026-08-01 11:32:57  push failed: fatal: unable to access 'https://github.com/TYY-tyy-tyy/21yglh.git/': Failed to connect to github.com port 443 after 21053 ms: Could not connect to server
2026-08-01 12:01:35  commit ok: auto: 12:01 auto save
2026-08-01 12:01:38  push ok
2026-08-01 12:31:35  commit ok: auto: 12:31 auto save
2026-08-01 12:31:38  push ok
2026-08-01 13:05:15  commit ok: auto: 13:05 auto save
2026-08-01 13:05:36  push failed: fatal: unable to access 'https://github.com/TYY-tyy-tyy/21yglh.git/': Failed to connect to github.com port 443 after 21063 ms: Could not connect to server
2026-08-01 13:31:34  commit ok: auto: 13:31 auto save
2026-08-01 13:31:37  push ok
2026-08-01 14:01:34  commit ok: auto: 14:01 auto save
2026-08-01 14:01:37  push ok
2026-08-01 14:40:38  commit ok: auto: 14:40 auto save
2026-08-01 14:40:59  push failed: fatal: unable to access 'https://github.com/TYY-tyy-tyy/21yglh.git/': Failed to connect to github.com port 443 after 21069 ms: Could not connect to server
2026-08-01 15:01:35  commit ok: auto: 15:01 auto save
2026-08-01 15:01:38  push ok
2026-08-01 15:31:34  commit ok: auto: 15:31 auto save
2026-08-01 15:31:37  push ok
2026-08-01 16:01:34  commit ok: auto: 16:01 auto save
2026-08-01 16:01:37  push ok
2026-08-01 16:31:34  commit ok: auto: 16:31 auto save
2026-08-01 16:31:37  push ok
2026-08-01 17:27:52  commit ok: auto: 17:27 auto save
2026-08-01 17:27:55  push ok
2026-08-01 17:32:13  commit ok: auto: 17:32 auto save
2026-08-01 17:32:34  push failed: fatal: unable to access 'https://github.com/TYY-tyy-tyy/21yglh.git/': Failed to connect to github.com port 443 after 21088 ms: Could not connect to server
2026-08-01 18:01:52  commit ok: auto: 18:01 auto save
2026-08-01 18:02:13  push failed: fatal: unable to access 'https://github.com/TYY-tyy-tyy/21yglh.git/': Failed to connect to github.com port 443 after 21102 ms: Could not connect to server
2026-08-01 18:31:34  commit ok: auto: 18:31 auto save
2026-08-01 18:31:38  push ok
2026-08-01 19:01:53  commit ok: auto: 19:01 auto save
2026-08-01 19:02:12  push failed: fatal: unable to access 'https://github.com/TYY-tyy-tyy/21yglh.git/': Recv failure: Connection was reset
2026-08-01 20:09:40  commit ok: auto: 20:09 auto save
2026-08-01 20:10:01  push failed: fatal: unable to access 'https://github.com/TYY-tyy-tyy/21yglh.git/': Failed to connect to github.com port 443 after 21046 ms: Could not connect to server
2026-08-01 20:31:34  commit ok: auto: 20:31 auto save
2026-08-01 20:31:37  push ok
2026-08-01 21:10:11  commit ok: auto: 21:10 auto save
2026-08-01 21:10:11  push failed: fatal: unable to access 'https://github.com/TYY-tyy-tyy/21yglh.git/': Could not resolve host: github.com
2026-08-04 15:31:35  commit ok: auto: 15:31 auto save
2026-08-04 15:31:39  push ok
2026-08-04 16:01:35  commit ok: auto: 16:01 auto save
2026-08-04 16:01:38  push ok
2026-08-04 19:05:23  commit ok: auto: 19:05 auto save
2026-08-04 19:05:26  push ok
2026-08-04 19:32:16  commit ok: auto: 19:32 auto save
2026-08-04 19:32:37  push failed: fatal: unable to access 'https://github.com/TYY-tyy-tyy/21yglh.git/': Failed to connect to github.com port 443 after 21067 ms: Could not connect to server
2026-08-04 20:01:53  commit ok: auto: 20:01 auto save
2026-08-04 20:02:15  push failed: fatal: unable to access 'https://github.com/TYY-tyy-tyy/21yglh.git/': Failed to connect to github.com port 443 after 21085 ms: Could not connect to server
2026-08-04 20:32:14  commit ok: auto: 20:32 auto save
2026-08-04 20:32:35  push failed: fatal: unable to access 'https://github.com/TYY-tyy-tyy/21yglh.git/': Failed to connect to github.com port 443 after 21091 ms: Could not connect to server
2026-08-04 21:02:14  commit ok: auto: 21:02 auto save
2026-08-04 21:02:33  push failed: fatal: unable to access 'https://github.com/TYY-tyy-tyy/21yglh.git/': Recv failure: Connection was reset
2026-08-05 16:15:08  commit ok: auto: 16:15 auto save
2026-08-05 16:15:11  push ok
2026-08-06 17:31:54  commit ok: auto: 17:31 auto save
2026-08-06 17:32:15  push failed: fatal: unable to access 'https://github.com/TYY-tyy-tyy/21yglh.git/': Failed to connect to github.com port 443 after 21058 ms: Could not connect to server
2026-08-07 15:08:38  commit ok: auto: 15:08 auto save
2026-08-07 15:09:00  push failed: fatal: unable to access 'https://github.com/TYY-tyy-tyy/21yglh.git/': Failed to connect to github.com port 443 after 21096 ms: Could not connect to server
2026-08-07 15:31:34  commit ok: auto: 15:31 auto save
2026-08-07 15:31:37  push ok
2026-08-07 16:01:34  commit ok: auto: 16:01 auto save
2026-08-07 16:01:36  push ok
2026-08-07 16:31:55  commit ok: auto: 16:31 auto save
2026-08-07 16:32:17  push failed: fatal: unable to access 'https://github.com/TYY-tyy-tyy/21yglh.git/': Failed to connect to github.com port 443 after 21110 ms: Could not connect to server
2026-08-07 17:01:34  commit ok: auto: 17:01 auto save
2026-08-07 17:01:37  push ok
2026-08-07 17:31:55  commit ok: auto: 17:31 auto save
2026-08-07 17:32:16  push failed: fatal: unable to access 'https://github.com/TYY-tyy-tyy/21yglh.git/': Failed to connect to github.com port 443 after 21080 ms: Could not connect to server
2026-08-07 18:01:34  commit ok: auto: 18:01 auto save
2026-08-07 18:01:37  push ok
2026-08-07 18:31:34  commit ok: auto: 18:31 auto save
2026-08-07 18:31:37  push ok
2026-08-07 19:01:34  commit ok: auto: 19:01 auto save
2026-08-07 19:01:37  push ok
2026-08-07 19:32:14  commit ok: auto: 19:32 auto save
2026-08-07 19:32:35  push failed: fatal: unable to access 'https://github.com/TYY-tyy-tyy/21yglh.git/': Failed to connect to github.com port 443 after 21091 ms: Could not connect to server
2026-08-07 20:01:34  commit ok: auto: 20:01 auto save
2026-08-07 20:01:37  push ok
2026-08-07 20:31:38  commit ok: auto: 20:31 auto save
2026-08-07 20:31:41  push ok
2026-08-07 21:01:53  commit ok: auto: 21:01 auto save
2026-08-07 21:02:14  push failed: fatal: unable to access 'https://github.com/TYY-tyy-tyy/21yglh.git/': Failed to connect to github.com port 443 after 21071 ms: Could not connect to server
2026-08-07 21:31:52  commit ok: auto: 21:31 auto save
2026-08-07 21:32:14  push failed: fatal: unable to access 'https://github.com/TYY-tyy-tyy/21yglh.git/': Failed to connect to github.com port 443 after 21354 ms: Could not connect to server
2026-08-07 22:01:54  commit ok: auto: 22:01 auto save
2026-08-07 22:02:15  push failed: fatal: unable to access 'https://github.com/TYY-tyy-tyy/21yglh.git/': Failed to connect to github.com port 443 after 21097 ms: Could not connect to server
2026-08-08 00:28:04  commit ok: auto: 00:28 auto save
2026-08-08 00:28:04  push failed: fatal: unable to access 'https://github.com/TYY-tyy-tyy/21yglh.git/': Could not resolve host: github.com
2026-08-08 01:27:58  commit ok: auto: 01:27 auto save
2026-08-08 12:39:24  push ok
2026-08-08 13:27:25  commit ok: auto: 13:27 auto save
2026-08-08 13:27:28  push ok
2026-08-08 13:31:34  commit ok: auto: 13:31 auto save
2026-08-08 13:31:36  push ok
2026-08-08 14:02:13  commit ok: auto: 14:02 auto save
2026-08-08 14:31:34  commit ok: auto: 14:31 auto save
2026-08-08 14:31:37  push ok
2026-08-08 15:01:34  commit ok: auto: 15:01 auto save
2026-08-08 15:01:37  push ok
2026-08-08 15:31:33  commit ok: auto: 15:31 auto save
2026-08-08 15:31:36  push ok
2026-08-08 16:02:23  commit ok: auto: 16:02 auto save
2026-08-08 16:02:44  push failed: fatal: unable to access 'https://github.com/TYY-tyy-tyy/21yglh.git/': Failed to connect to github.com port 443 after 21058 ms: Could not connect to server
2026-08-08 16:31:33  commit ok: auto: 16:31 auto save
2026-08-08 16:31:36  push ok
2026-08-08 17:17:10  commit ok: auto: 17:17 auto save
2026-08-08 17:17:31  push failed: fatal: unable to access 'https://github.com/TYY-tyy-tyy/21yglh.git/': Failed to connect to github.com port 443 after 21073 ms: Could not connect to server
2026-08-08 17:31:33  commit ok: auto: 17:31 auto save
2026-08-08 17:31:36  push ok
2026-08-08 18:04:58  commit ok: auto: 18:04 auto save
2026-08-08 18:05:19  push failed: fatal: unable to access 'https://github.com/TYY-tyy-tyy/21yglh.git/': Failed to connect to github.com port 443 after 21083 ms: Could not connect to server
